Feb 12 13:30:00 ildar-N550JK rsyslogd:  [origin software="rsyslogd" swVersion="8.32.0" x-pid="1315" x-info="http://www.rsyslog.com"] rsyslogd was HUPed
Feb 12 13:30:01 ildar-N550JK dbus-daemon[1250]: [system] Activating service name='org.debian.apt' requested by ':1.143' (uid=1000 pid=8377 comm="/usr/bin/python3 /usr/bin/gdebi-gtk /home/ildar/Do" label="unconfined") (using servicehelper)
Feb 12 13:30:02 ildar-N550JK AptDaemon: INFO: Initializing daemon
Feb 12 13:30:02 ildar-N550JK org.debian.apt[1250]: 13:30:02 AptDaemon [INFO]: Initializing daemon
Feb 12 13:30:02 ildar-N550JK dbus-daemon[1250]: [system] Successfully activated service 'org.debian.apt'
Feb 12 13:30:02 ildar-N550JK AptDaemon: INFO: InstallFile() was called: /home/ildar/Documents/zoom_amd64.deb
Feb 12 13:30:02 ildar-N550JK org.debian.apt[1250]: /usr/lib/python3/dist-packages/aptdaemon/worker/pkworker.py:35: PyGIWarning: PackageKitGlib was imported without specifying a version first. Use gi.require_version('PackageKitGlib', '1.0') before import to ensure that the right version gets loaded.
Feb 12 13:30:02 ildar-N550JK org.debian.apt[1250]:   from gi.repository import PackageKitGlib as pk
Feb 12 13:30:02 ildar-N550JK org.debian.apt[1250]: 13:30:02 AptDaemon [INFO]: InstallFile() was called: /home/ildar/Documents/zoom_amd64.deb
Feb 12 13:30:02 ildar-N550JK AptDaemon.Trans: INFO: Simulate was called
Feb 12 13:30:02 ildar-N550JK org.debian.apt[1250]: 13:30:02 AptDaemon.Trans [INFO]: Simulate was called
Feb 12 13:30:02 ildar-N550JK dbus-daemon[1250]: [system] Activating via systemd: service name='org.freedesktop.timedate1' unit='dbus-org.freedesktop.timedate1.service' requested by ':1.25' (uid=0 pid=1628 comm="/usr/lib/snapd/snapd " label="unconfined")
Feb 12 13:30:02 ildar-N550JK systemd[1]: Starting Time & Date Service...
Feb 12 13:30:02 ildar-N550JK dbus-daemon[1250]: [system] Successfully activated service 'org.freedesktop.timedate1'
Feb 12 13:30:02 ildar-N550JK systemd[1]: Started Time & Date Service.
Feb 12 13:30:04 ildar-N550JK snapd[1628]: storehelpers.go:721: cannot refresh: snap has no updates available: "bare", "core", "core18", "core20", "exercism", "gnome-3-28-1804", "gtk-common-themes", "kubectl", "lnav", "micropad", "node", "notepad-plus-plus", "notepadqq", "vlc", "wine-platform-3-stable", "wine-platform-5-stable", "wine-platform-6-stable", "wine-platform-runtime"
Feb 12 13:30:04 ildar-N550JK snapd[1628]: autorefresh.go:536: auto-refresh: all snaps are up-to-date
Feb 12 13:30:06 ildar-N550JK AptDaemon.Worker: INFO: Simulating trans: /org/debian/apt/transaction/42e4fae0551d4218a3893190386b1eef
Feb 12 13:30:06 ildar-N550JK org.debian.apt[1250]: 13:30:05 AptDaemon.Worker [INFO]: Simulating trans: /org/debian/apt/transaction/42e4fae0551d4218a3893190386b1eef
Feb 12 13:30:06 ildar-N550JK AptDaemon.Worker: INFO: Installing local package file: /home/ildar/Documents/zoom_amd64.deb
Feb 12 13:30:06 ildar-N550JK org.debian.apt[1250]: 13:30:06 AptDaemon.Worker [INFO]: Installing local package file: /home/ildar/Documents/zoom_amd64.deb
Feb 12 13:30:07 ildar-N550JK AptDaemon.Worker: WARNING: An additional step to open the cache is required
Feb 12 13:30:07 ildar-N550JK org.debian.apt[1250]: 13:30:07 AptDaemon.Worker [WARNING]: An additional step to open the cache is required
Feb 12 13:30:08 ildar-N550JK AptDaemon.Trans: INFO: Queuing transaction /org/debian/apt/transaction/42e4fae0551d4218a3893190386b1eef
Feb 12 13:30:08 ildar-N550JK org.debian.apt[1250]: 13:30:08 AptDaemon.Trans [INFO]: Queuing transaction /org/debian/apt/transaction/42e4fae0551d4218a3893190386b1eef
Feb 12 13:30:08 ildar-N550JK AptDaemon.Worker: INFO: Processing transaction /org/debian/apt/transaction/42e4fae0551d4218a3893190386b1eef
Feb 12 13:30:08 ildar-N550JK org.debian.apt[1250]: 13:30:08 AptDaemon.Worker [INFO]: Processing transaction /org/debian/apt/transaction/42e4fae0551d4218a3893190386b1eef
Feb 12 13:30:09 ildar-N550JK AptDaemon.Worker: INFO: Installing local package file: /home/ildar/Documents/zoom_amd64.deb
Feb 12 13:30:09 ildar-N550JK org.debian.apt[1250]: 13:30:09 AptDaemon.Worker [INFO]: Installing local package file: /home/ildar/Documents/zoom_amd64.deb
Feb 12 13:30:10 ildar-N550JK AptDaemon.Worker: WARNING: An additional step to open the cache is required
Feb 12 13:30:10 ildar-N550JK org.debian.apt[1250]: 13:30:10 AptDaemon.Worker [WARNING]: An additional step to open the cache is required
Feb 12 13:30:29 ildar-N550JK AptDaemon.Worker: INFO: Finished transaction /org/debian/apt/transaction/42e4fae0551d4218a3893190386b1eef
Feb 12 13:30:29 ildar-N550JK org.debian.apt[1250]: /usr/lib/python3/dist-packages/aptdaemon/progress.py:491: Warning: Source ID 31 was not found when attempting to remove it
Feb 12 13:30:29 ildar-N550JK org.debian.apt[1250]:   GLib.source_remove(id)
Feb 12 13:30:29 ildar-N550JK org.debian.apt[1250]: /usr/lib/python3/dist-packages/aptdaemon/progress.py:491: Warning: Source ID 32 was not found when attempting to remove it
Feb 12 13:30:29 ildar-N550JK org.debian.apt[1250]:   GLib.source_remove(id)
Feb 12 13:30:29 ildar-N550JK org.debian.apt[1250]: 13:30:29 AptDaemon.Worker [INFO]: Finished transaction /org/debian/apt/transaction/42e4fae0551d4218a3893190386b1eef
Feb 12 13:30:30 ildar-N550JK NetworkManager[1309]: <info>  [1644661830.5298] connectivity: (enp5s0) timed out
Feb 12 13:30:30 ildar-N550JK NetworkManager[1309]: <info>  [1644661830.5304] policy: set 'Keenetic-6041' (wlp4s0) as default for IPv4 routing and DNS
Feb 12 13:30:30 ildar-N550JK NetworkManager[1309]: <info>  [1644661830.5306] connectivity: (wlp4s0) timed out
Feb 12 13:30:30 ildar-N550JK NetworkManager[1309]: <info>  [1644661830.5306] manager: NetworkManager state is now CONNECTED_SITE
Feb 12 13:30:30 ildar-N550JK NetworkManager[1309]: <info>  [1644661830.5312] manager: NetworkManager state is now CONNECTED_LOCAL
Feb 12 13:30:30 ildar-N550JK NetworkManager[1309]: <info>  [1644661830.5313] manager: NetworkManager state is now CONNECTED_SITE
Feb 12 13:30:30 ildar-N550JK NetworkManager[1309]: <info>  [1644661830.5313] policy: set 'Wired connection 1' (enp5s0) as default for IPv4 routing and DNS
Feb 12 13:30:30 ildar-N550JK dbus-daemon[1250]: [system] Activating via systemd: service name='org.freedesktop.nm_dispatcher' unit='dbus-org.freedesktop.nm-dispatcher.service' requested by ':1.10' (uid=0 pid=1309 comm="/usr/sbin/NetworkManager --no-daemon " label="unconfined")
Feb 12 13:30:30 ildar-N550JK systemd[1]: Starting Network Manager Script Dispatcher Service...
Feb 12 13:30:30 ildar-N550JK dbus-daemon[1250]: [system] Successfully activated service 'org.freedesktop.nm_dispatcher'
Feb 12 13:30:30 ildar-N550JK systemd[1]: Started Network Manager Script Dispatcher Service.
Feb 12 13:30:30 ildar-N550JK nm-dispatcher: req:1 'connectivity-change': new request (2 scripts)
Feb 12 13:30:30 ildar-N550JK nm-dispatcher: req:1 'connectivity-change': start running ordered scripts...
Feb 12 13:30:35 ildar-N550JK anacron[1320]: Job `cron.daily' terminated
Feb 12 13:31:42 ildar-N550JK mate-volume-con[8889]: GtkDialog mapped without a transient parent. This is discouraged.
Feb 12 13:32:19 ildar-N550JK systemd[2366]: Stopping D-Bus User Message Bus...
Feb 12 13:32:19 ildar-N550JK gvfsd[6073]: A connection to the bus can't be made
Feb 12 13:32:19 ildar-N550JK NetworkManager[1309]: <info>  [1644661939.2340] device (wlp4s0): state change: activated -> deactivating (reason 'connection-removed', sys-iface-state: 'managed')
Feb 12 13:32:19 ildar-N550JK xdg-desktop-portal[6503]: Terminated
Feb 12 13:32:19 ildar-N550JK systemd[2366]: obex.service: Main process exited, code=exited, status=1/FAILURE
Feb 12 13:32:19 ildar-N550JK systemd[2366]: obex.service: Failed with result 'exit-code'.
Feb 12 13:32:19 ildar-N550JK systemd[2366]: xdg-permission-store.service: Main process exited, code=exited, status=1/FAILURE
Feb 12 13:32:19 ildar-N550JK systemd[2366]: xdg-permission-store.service: Failed with result 'exit-code'.
Feb 12 13:32:19 ildar-N550JK NetworkManager[1309]: <warn>  [1644661939.2447] error requesting auth for org.freedesktop.NetworkManager.wifi.share.open: Authorization check failed: Failed to open file “/proc/6249/status”: No such file or directory
Feb 12 13:32:19 ildar-N550JK NetworkManager[1309]: <info>  [1644661939.2511] device (wlp4s0): state change: deactivating -> disconnected (reason 'connection-removed', sys-iface-state: 'managed')
Feb 12 13:32:19 ildar-N550JK avahi-daemon[1212]: Withdrawing address record for fe80::93b7:5e7f:99af:44e0 on wlp4s0.
Feb 12 13:32:19 ildar-N550JK avahi-daemon[1212]: Leaving mDNS multicast group on interface wlp4s0.IPv6 with address fe80::93b7:5e7f:99af:44e0.
Feb 12 13:32:19 ildar-N550JK avahi-daemon[1212]: Interface wlp4s0.IPv6 no longer relevant for mDNS.
Feb 12 13:32:19 ildar-N550JK xdg-desktop-por[6554]: Error while sending AddMatch() message: The connection is closed
Feb 12 13:32:19 ildar-N550JK xdg-desktop-por[6554]: Error creating proxy: Error calling StartServiceByName for org.gtk.vfs.Daemon: The connection is closed (g-io-error-quark, 18)
Feb 12 13:32:19 ildar-N550JK systemd[2366]: xdg-document-portal.service: Main process exited, code=exited, status=20/n/a
Feb 12 13:32:19 ildar-N550JK systemd[2366]: xdg-document-portal.service: Failed with result 'exit-code'.
Feb 12 13:32:19 ildar-N550JK systemd[2366]: Stopped D-Bus User Message Bus.
Feb 12 13:32:19 ildar-N550JK systemd[2366]: Started D-Bus User Message Bus.
Feb 12 13:32:19 ildar-N550JK dbus-daemon[8972]: [session uid=1000 pid=8972] AppArmor D-Bus mediation is enabled
Feb 12 13:32:19 ildar-N550JK NetworkManager[1309]: <info>  [1644661939.2884] dhcp4 (wlp4s0): canceled DHCP transaction, DHCP client pid 5968
Feb 12 13:32:19 ildar-N550JK NetworkManager[1309]: <info>  [1644661939.2884] dhcp4 (wlp4s0): state changed bound -> done
Feb 12 13:32:19 ildar-N550JK kernel: [  447.768295] wlp4s0: deauthenticating from 52:ff:20:5a:4e:4c by local choice (Reason: 3=DEAUTH_LEAVING)
Feb 12 13:32:19 ildar-N550JK wpa_supplicant[1330]: wlp4s0: CTRL-EVENT-DISCONNECTED bssid=52:ff:20:5a:4e:4c reason=3 locally_generated=1
Feb 12 13:32:19 ildar-N550JK avahi-daemon[1212]: Withdrawing address record for 192.168.1.106 on wlp4s0.
Feb 12 13:32:19 ildar-N550JK avahi-daemon[1212]: Leaving mDNS multicast group on interface wlp4s0.IPv4 with address 192.168.1.106.
Feb 12 13:32:19 ildar-N550JK avahi-daemon[1212]: Interface wlp4s0.IPv4 no longer relevant for mDNS.
Feb 12 13:32:19 ildar-N550JK wpa_supplicant[1330]: wlp4s0: CTRL-EVENT-REGDOM-CHANGE init=CORE type=WORLD
Feb 12 13:32:19 ildar-N550JK dnsmasq[1916]: reading /etc/resolv.conf
Feb 12 13:32:19 ildar-N550JK dnsmasq[1916]: using nameserver 127.0.0.53#53
Feb 12 13:32:19 ildar-N550JK dnsmasq[1916]: reading /etc/resolv.conf
Feb 12 13:32:19 ildar-N550JK dnsmasq[1916]: using nameserver 127.0.0.53#53
Feb 12 13:32:19 ildar-N550JK dnsmasq[1916]: reading /etc/resolv.conf
Feb 12 13:32:19 ildar-N550JK dnsmasq[1916]: using nameserver 127.0.0.53#53
Feb 12 13:32:19 ildar-N550JK dnsmasq[1916]: reading /etc/resolv.conf
Feb 12 13:32:19 ildar-N550JK NetworkManager[1309]: <warn>  [1644661939.3000] sup-iface[0x5566e3a20240,wlp4s0]: connection disconnected (reason -3)
Feb 12 13:32:19 ildar-N550JK NetworkManager[1309]: <info>  [1644661939.3001] device (wlp4s0): supplicant interface state: completed -> disconnected
Feb 12 13:32:19 ildar-N550JK dbus-daemon[1250]: [system] Activating via systemd: service name='org.freedesktop.nm_dispatcher' unit='dbus-org.freedesktop.nm-dispatcher.service' requested by ':1.10' (uid=0 pid=1309 comm="/usr/sbin/NetworkManager --no-daemon " label="unconfined")
Feb 12 13:32:19 ildar-N550JK systemd[1]: Starting Network Manager Script Dispatcher Service...
Feb 12 13:32:19 ildar-N550JK dnsmasq[1916]: using nameserver 127.0.0.53#53
Feb 12 13:32:19 ildar-N550JK dnsmasq[1916]: reading /etc/resolv.conf
Feb 12 13:32:19 ildar-N550JK dnsmasq[1916]: using nameserver 127.0.0.53#53
Feb 12 13:32:19 ildar-N550JK dbus-daemon[1250]: [system] Successfully activated service 'org.freedesktop.nm_dispatcher'
Feb 12 13:32:19 ildar-N550JK systemd[1]: Started Network Manager Script Dispatcher Service.
Feb 12 13:32:19 ildar-N550JK nm-dispatcher: req:1 'down' [wlp4s0]: new request (2 scripts)
Feb 12 13:32:19 ildar-N550JK nm-dispatcher: req:1 'down' [wlp4s0]: start running ordered scripts...
Feb 12 13:32:19 ildar-N550JK lightdm[1428]: Error: can't open /lib/modules/5.4.0-97-generic/updates/dkms
Feb 12 13:32:19 ildar-N550JK lightdm[1428]: Error: can't open /lib/modules/5.4.0-97-generic/updates/dkms
Feb 12 13:32:20 ildar-N550JK systemd[1]: Created slice User Slice of lightdm.
Feb 12 13:32:20 ildar-N550JK systemd[1]: Starting User Manager for UID 110...
Feb 12 13:32:20 ildar-N550JK systemd[1]: Started Session c4 of user lightdm.
Feb 12 13:32:20 ildar-N550JK systemd[9072]: Listening on GnuPG cryptographic agent and passphrase cache (access for web browsers).
Feb 12 13:32:20 ildar-N550JK systemd[9072]: Listening on REST API socket for snapd user session agent.
Feb 12 13:32:20 ildar-N550JK systemd[9072]: Listening on GnuPG cryptographic agent and passphrase cache (restricted).
Feb 12 13:32:20 ildar-N550JK systemd[9072]: Listening on GnuPG network certificate management daemon.
Feb 12 13:32:20 ildar-N550JK systemd[9072]: Listening on GnuPG cryptographic agent (ssh-agent emulation).
Feb 12 13:32:20 ildar-N550JK systemd[9072]: Reached target Paths.
Feb 12 13:32:20 ildar-N550JK systemd[9072]: Starting D-Bus User Message Bus Socket.
Feb 12 13:32:20 ildar-N550JK systemd[9072]: Reached target Timers.
Feb 12 13:32:20 ildar-N550JK systemd[9072]: Listening on GnuPG cryptographic agent and passphrase cache.
Feb 12 13:32:20 ildar-N550JK systemd[9072]: Listening on D-Bus User Message Bus Socket.
Feb 12 13:32:20 ildar-N550JK systemd[9072]: Reached target Sockets.
Feb 12 13:32:20 ildar-N550JK systemd[9072]: Reached target Basic System.
Feb 12 13:32:20 ildar-N550JK systemd[9072]: Reached target Default.
Feb 12 13:32:20 ildar-N550JK systemd[9072]: Startup finished in 50ms.
Feb 12 13:32:20 ildar-N550JK systemd[1]: Started User Manager for UID 110.
Feb 12 13:32:20 ildar-N550JK systemd[9072]: Started D-Bus User Message Bus.
Feb 12 13:32:20 ildar-N550JK dbus-daemon[9094]: [session uid=110 pid=9094] AppArmor D-Bus mediation is enabled
Feb 12 13:32:20 ildar-N550JK dbus-daemon[9094]: [session uid=110 pid=9094] Activating service name='ca.desrt.dconf' requested by ':1.1' (uid=110 pid=9090 comm="/usr/sbin/slick-greeter " label="unconfined")
Feb 12 13:32:20 ildar-N550JK dbus-daemon[9094]: [session uid=110 pid=9094] Successfully activated service 'ca.desrt.dconf'
Feb 12 13:32:20 ildar-N550JK /slick-greeter-check-hidpi: Window scale: 1
Feb 12 13:32:20 ildar-N550JK /slick-greeter-set-keyboard-layout: Current keyboard configuration: rules:      evdev#012model:      pc105#012layout:     us,ru#012variant:    ,#012options:    grp:alt_shift_toggle,grp_led:scroll
Feb 12 13:32:20 ildar-N550JK /slick-greeter-set-keyboard-layout: Applying keyboard configuration: ['setxkbmap', '-model', 'pc105', '-layout', 'us,ru', '-variant', ',', '-option', 'grp:alt_shift_toggle,grp_led:scroll', '-v']
Feb 12 13:32:21 ildar-N550JK /slick-greeter-set-keyboard-layout: Result: Warning! Multiple definitions of keyboard model#012         Using command line, ignoring X server#012Warning! Multiple definitions of keyboard layout#012         Using command line, ignoring X server#012Warning! Multiple definitions of layout variant#012         Using command line, ignoring X server#012Trying to build keymap using the following components:#012keycodes:   evdev+aliases(qwerty)#012types:      complete#012compat:     complete+ledscroll(group_lock)#012symbols:    pc+us+ru:2+inet(evdev)+group(alt_shift_toggle)#012geometry:   pc(pc105)
Feb 12 13:32:21 ildar-N550JK /slick-greeter-set-keyboard-layout: New keyboard configuration: rules:      evdev#012model:      pc105#012layout:     us,ru#012variant:    ,#012options:    grp:alt_shift_toggle,grp_led:scroll,grp:alt_shift_toggle,grp_led:scroll
Feb 12 13:32:21 ildar-N550JK dbus-daemon[9094]: [session uid=110 pid=9094] Activating via systemd: service name='org.a11y.Bus' unit='at-spi-dbus-bus.service' requested by ':1.4' (uid=110 pid=9090 comm="/usr/sbin/slick-greeter " label="unconfined")
Feb 12 13:32:21 ildar-N550JK systemd[9072]: Starting Accessibility services bus...
Feb 12 13:32:21 ildar-N550JK dbus-daemon[9094]: [session uid=110 pid=9094] Successfully activated service 'org.a11y.Bus'
Feb 12 13:32:21 ildar-N550JK systemd[9072]: Started Accessibility services bus.
Feb 12 13:32:21 ildar-N550JK dbus-daemon[9094]: [session uid=110 pid=9094] Activating via systemd: service name='org.gtk.vfs.Daemon' unit='gvfs-daemon.service' requested by ':1.1' (uid=110 pid=9090 comm="/usr/sbin/slick-greeter " label="unconfined")
Feb 12 13:32:21 ildar-N550JK systemd[9072]: Starting Virtual filesystem service...
Feb 12 13:32:21 ildar-N550JK dbus-daemon[9094]: [session uid=110 pid=9094] Successfully activated service 'org.gtk.vfs.Daemon'
Feb 12 13:32:21 ildar-N550JK systemd[9072]: Started Virtual filesystem service.
Feb 12 13:32:23 ildar-N550JK systemd[1]: session-c4.scope: Killing process 9069 (lightdm) with signal SIGTERM.
Feb 12 13:32:23 ildar-N550JK systemd[1]: session-c4.scope: Killing process 9086 (gnome-keyring-d) with signal SIGTERM.
Feb 12 13:32:23 ildar-N550JK systemd[1]: session-c4.scope: Killing process 9089 (lightdm-greeter) with signal SIGTERM.
Feb 12 13:32:23 ildar-N550JK systemd[1]: session-c4.scope: Killing process 9090 (slick-greeter) with signal SIGTERM.
Feb 12 13:32:23 ildar-N550JK systemd[1]: session-c4.scope: Killing process 9111 (at-spi-bus-laun) with signal SIGTERM.
Feb 12 13:32:23 ildar-N550JK systemd[1]: session-c4.scope: Killing process 9116 (dbus-daemon) with signal SIGTERM.
Feb 12 13:32:23 ildar-N550JK systemd[1]: session-c4.scope: Killing process 9119 (at-spi2-registr) with signal SIGTERM.
Feb 12 13:32:23 ildar-N550JK systemd[1]: Stopping Session c4 of user lightdm.
Feb 12 13:32:23 ildar-N550JK systemd[1]: Started Session c5 of user ildar.
Feb 12 13:32:23 ildar-N550JK NetworkManager[1309]: <info>  [1644661943.7122] policy: auto-activating connection 'Keenetic-6041'
Feb 12 13:32:23 ildar-N550JK NetworkManager[1309]: <info>  [1644661943.7136] device (wlp4s0): Activation: starting connection 'Keenetic-6041' (153cbc55-38e3-453b-95b7-b22a2e36f61c)
Feb 12 13:32:23 ildar-N550JK NetworkManager[1309]: <info>  [1644661943.7141] device (wlp4s0): state change: disconnected -> prepare (reason 'none', sys-iface-state: 'managed')
Feb 12 13:32:23 ildar-N550JK NetworkManager[1309]: <info>  [1644661943.7146] device (wlp4s0): state change: prepare -> config (reason 'none', sys-iface-state: 'managed')
Feb 12 13:32:23 ildar-N550JK NetworkManager[1309]: <info>  [1644661943.7149] device (wlp4s0): Activation: (wifi) access point 'Keenetic-6041' has security, but secrets are required.
Feb 12 13:32:23 ildar-N550JK NetworkManager[1309]: <info>  [1644661943.7149] device (wlp4s0): state change: config -> need-auth (reason 'none', sys-iface-state: 'managed')
Feb 12 13:32:23 ildar-N550JK NetworkManager[1309]: <info>  [1644661943.7150] sup-iface[0x5566e3a20240,wlp4s0]: wps: type pbc start...
Feb 12 13:32:23 ildar-N550JK NetworkManager[1309]: <info>  [1644661943.7175] device (wlp4s0): state change: need-auth -> prepare (reason 'none', sys-iface-state: 'managed')
Feb 12 13:32:23 ildar-N550JK NetworkManager[1309]: <info>  [1644661943.7178] device (wlp4s0): state change: prepare -> config (reason 'none', sys-iface-state: 'managed')
Feb 12 13:32:23 ildar-N550JK NetworkManager[1309]: <info>  [1644661943.7180] device (wlp4s0): Activation: (wifi) connection 'Keenetic-6041' has security, and secrets exist.  No new secrets needed.
Feb 12 13:32:23 ildar-N550JK NetworkManager[1309]: <info>  [1644661943.7181] Config: added 'ssid' value 'Keenetic-6041'
Feb 12 13:32:23 ildar-N550JK NetworkManager[1309]: <info>  [1644661943.7181] Config: added 'scan_ssid' value '1'
Feb 12 13:32:23 ildar-N550JK NetworkManager[1309]: <info>  [1644661943.7181] Config: added 'bgscan' value 'simple:30:-80:86400'
Feb 12 13:32:23 ildar-N550JK NetworkManager[1309]: <info>  [1644661943.7181] Config: added 'key_mgmt' value 'WPA-PSK'
Feb 12 13:32:23 ildar-N550JK NetworkManager[1309]: <info>  [1644661943.7181] Config: added 'auth_alg' value 'OPEN'
Feb 12 13:32:23 ildar-N550JK NetworkManager[1309]: <info>  [1644661943.7181] Config: added 'psk' value '<hidden>'
Feb 12 13:32:23 ildar-N550JK systemd[1]: Stopped Session c4 of user lightdm.
Feb 12 13:32:23 ildar-N550JK systemd[1]: Stopping User Manager for UID 110...
Feb 12 13:32:23 ildar-N550JK systemd[9072]: Stopping D-Bus User Message Bus...
Feb 12 13:32:23 ildar-N550JK systemd[9072]: Stopped target Default.
Feb 12 13:32:23 ildar-N550JK systemd[9072]: Stopping Virtual filesystem service...
Feb 12 13:32:23 ildar-N550JK systemd[9072]: Stopped D-Bus User Message Bus.
Feb 12 13:32:23 ildar-N550JK wpa_supplicant[1330]: FT: Invalid key management type (2)
Feb 12 13:32:23 ildar-N550JK wpa_supplicant[1330]: wlp4s0: SME: Trying to authenticate with 52:ff:20:5a:4e:4c (SSID='Keenetic-6041' freq=2417 MHz)
Feb 12 13:32:23 ildar-N550JK kernel: [  452.203497] wlp4s0: authenticate with 52:ff:20:5a:4e:4c
Feb 12 13:32:23 ildar-N550JK NetworkManager[1309]: <info>  [1644661943.7389] device (wlp4s0): supplicant interface state: disconnected -> authenticating
Feb 12 13:32:23 ildar-N550JK systemd[9072]: Stopped Virtual filesystem service.
Feb 12 13:32:23 ildar-N550JK systemd[9072]: Stopped target Basic System.
Feb 12 13:32:23 ildar-N550JK systemd[9072]: Stopped target Timers.
Feb 12 13:32:23 ildar-N550JK systemd[9072]: Stopped target Sockets.
Feb 12 13:32:23 ildar-N550JK systemd[9072]: Closed REST API socket for snapd user session agent.
Feb 12 13:32:23 ildar-N550JK systemd[9072]: Closed GnuPG cryptographic agent (ssh-agent emulation).
Feb 12 13:32:23 ildar-N550JK systemd[9072]: Closed GnuPG cryptographic agent and passphrase cache (restricted).
Feb 12 13:32:23 ildar-N550JK systemd[9072]: Closed GnuPG network certificate management daemon.
Feb 12 13:32:23 ildar-N550JK systemd[9072]: Closed GnuPG cryptographic agent and passphrase cache.
Feb 12 13:32:23 ildar-N550JK systemd[9072]: Closed GnuPG cryptographic agent and passphrase cache (access for web browsers).
Feb 12 13:32:23 ildar-N550JK systemd[9072]: Stopped target Paths.
Feb 12 13:32:23 ildar-N550JK systemd[9072]: Closed D-Bus User Message Bus Socket.
Feb 12 13:32:23 ildar-N550JK systemd[9072]: Reached target Shutdown.
Feb 12 13:32:23 ildar-N550JK systemd[9072]: Starting Exit the Session...
Feb 12 13:32:23 ildar-N550JK kernel: [  452.217856] wlp4s0: send auth to 52:ff:20:5a:4e:4c (try 1/3)
Feb 12 13:32:23 ildar-N550JK systemd[9072]: Received SIGRTMIN+24 from PID 9153 (kill).
Feb 12 13:32:23 ildar-N550JK kernel: [  452.225002] wlp4s0: authenticated
Feb 12 13:32:23 ildar-N550JK wpa_supplicant[1330]: wlp4s0: Trying to associate with 52:ff:20:5a:4e:4c (SSID='Keenetic-6041' freq=2417 MHz)
Feb 12 13:32:23 ildar-N550JK systemd[1]: Stopped User Manager for UID 110.
Feb 12 13:32:23 ildar-N550JK systemd[1]: Removed slice User Slice of lightdm.
Feb 12 13:32:23 ildar-N550JK NetworkManager[1309]: <info>  [1644661943.7512] device (wlp4s0): supplicant interface state: authenticating -> associating
Feb 12 13:32:23 ildar-N550JK kernel: [  452.229129] wlp4s0: associate with 52:ff:20:5a:4e:4c (try 1/3)
Feb 12 13:32:23 ildar-N550JK wpa_supplicant[1330]: wlp4s0: Associated with 52:ff:20:5a:4e:4c
Feb 12 13:32:23 ildar-N550JK wpa_supplicant[1330]: wlp4s0: CTRL-EVENT-SUBNET-STATUS-UPDATE status=0
Feb 12 13:32:23 ildar-N550JK wpa_supplicant[1330]: wlp4s0: CTRL-EVENT-REGDOM-CHANGE init=COUNTRY_IE type=COUNTRY alpha2=RU
Feb 12 13:32:23 ildar-N550JK kernel: [  452.236382] wlp4s0: RX AssocResp from 52:ff:20:5a:4e:4c (capab=0x1411 status=0 aid=5)
Feb 12 13:32:23 ildar-N550JK kernel: [  452.236487] wlp4s0: associated
Feb 12 13:32:23 ildar-N550JK kernel: [  452.236625] ath: EEPROM regdomain: 0x8283
Feb 12 13:32:23 ildar-N550JK kernel: [  452.236626] ath: EEPROM indicates we should expect a country code
Feb 12 13:32:23 ildar-N550JK kernel: [  452.236627] ath: doing EEPROM country->regdmn map search
Feb 12 13:32:23 ildar-N550JK kernel: [  452.236628] ath: country maps to regdmn code: 0x3d
Feb 12 13:32:23 ildar-N550JK kernel: [  452.236629] ath: Country alpha2 being used: RU
Feb 12 13:32:23 ildar-N550JK kernel: [  452.236629] ath: Regpair used: 0x3d
Feb 12 13:32:23 ildar-N550JK kernel: [  452.236631] ath: regdomain 0x8283 dynamically updated by country element
Feb 12 13:32:23 ildar-N550JK NetworkManager[1309]: <info>  [1644661943.7628] device (wlp4s0): supplicant interface state: associating -> associated
Feb 12 13:32:23 ildar-N550JK kernel: [  452.332888] wlp4s0: Limiting TX power to 20 (20 - 0) dBm as advertised by 52:ff:20:5a:4e:4c
Feb 12 13:32:23 ildar-N550JK NetworkManager[1309]: <info>  [1644661943.8632] device (wlp4s0): supplicant interface state: associated -> 4-way handshake
Feb 12 13:32:23 ildar-N550JK dbus-daemon[8972]: [session uid=1000 pid=8972] Activating via systemd: service name='org.gtk.vfs.Daemon' unit='gvfs-daemon.service' requested by ':1.1' (uid=1000 pid=9197 comm="/usr/bin/ibus-daemon --daemonize --xim --address u" label="unconfined")
Feb 12 13:32:23 ildar-N550JK systemd[2366]: Starting Virtual filesystem service...
Feb 12 13:32:23 ildar-N550JK dbus-daemon[8972]: [session uid=1000 pid=8972] Successfully activated service 'org.gtk.vfs.Daemon'
Feb 12 13:32:23 ildar-N550JK systemd[2366]: Started Virtual filesystem service.
Feb 12 13:32:23 ildar-N550JK wpa_supplicant[1330]: wlp4s0: WPA: Key negotiation completed with 52:ff:20:5a:4e:4c [PTK=CCMP GTK=CCMP]
Feb 12 13:32:23 ildar-N550JK wpa_supplicant[1330]: wlp4s0: CTRL-EVENT-CONNECTED - Connection to 52:ff:20:5a:4e:4c completed [id=0 id_str=]
Feb 12 13:32:23 ildar-N550JK NetworkManager[1309]: <info>  [1644661943.8805] device (wlp4s0): supplicant interface state: 4-way handshake -> completed
Feb 12 13:32:23 ildar-N550JK NetworkManager[1309]: <info>  [1644661943.8805] device (wlp4s0): Activation: (wifi) Stage 2 of 5 (Device Configure) successful.  Connected to wireless network 'Keenetic-6041'.
Feb 12 13:32:23 ildar-N550JK NetworkManager[1309]: <info>  [1644661943.8806] device (wlp4s0): state change: config -> ip-config (reason 'none', sys-iface-state: 'managed')
Feb 12 13:32:23 ildar-N550JK dbus-daemon[8972]: [session uid=1000 pid=8972] Activating service name='org.freedesktop.portal.IBus' requested by ':1.1' (uid=1000 pid=9197 comm="/usr/bin/ibus-daemon --daemonize --xim --address u" label="unconfined")
Feb 12 13:32:23 ildar-N550JK NetworkManager[1309]: <info>  [1644661943.8811] dhcp4 (wlp4s0): activation: beginning transaction (timeout in 45 seconds)
Feb 12 13:32:23 ildar-N550JK NetworkManager[1309]: <info>  [1644661943.8834] dhcp4 (wlp4s0): dhclient started with pid 9231
Feb 12 13:32:23 ildar-N550JK avahi-daemon[1212]: Joining mDNS multicast group on interface wlp4s0.IPv6 with address fe80::93b7:5e7f:99af:44e0.
Feb 12 13:32:23 ildar-N550JK avahi-daemon[1212]: New relevant interface wlp4s0.IPv6 for mDNS.
Feb 12 13:32:23 ildar-N550JK avahi-daemon[1212]: Registering new address record for fe80::93b7:5e7f:99af:44e0 on wlp4s0.*.
Feb 12 13:32:23 ildar-N550JK dbus-daemon[8972]: [session uid=1000 pid=8972] Successfully activated service 'org.freedesktop.portal.IBus'
Feb 12 13:32:23 ildar-N550JK dbus-daemon[8972]: [session uid=1000 pid=8972] Activating via systemd: service name='org.a11y.Bus' unit='at-spi-dbus-bus.service' requested by ':1.7' (uid=1000 pid=9219 comm="/usr/lib/ibus/ibus-ui-gtk3 " label="unconfined")
Feb 12 13:32:23 ildar-N550JK systemd[2366]: Starting Accessibility services bus...
Feb 12 13:32:23 ildar-N550JK dbus-daemon[8972]: [session uid=1000 pid=8972] Successfully activated service 'org.a11y.Bus'
Feb 12 13:32:23 ildar-N550JK systemd[2366]: Started Accessibility services bus.
Feb 12 13:32:23 ildar-N550JK at-spi-bus-launcher[9253]: dbus-daemon[9263]: Activating service name='org.a11y.atspi.Registry' requested by ':1.0' (uid=1000 pid=9228 comm="/usr/lib/ibus/ibus-x11 --kill-daemon " label="unconfined")
Feb 12 13:32:23 ildar-N550JK at-spi-bus-launcher[9253]: dbus-daemon[9263]: Successfully activated service 'org.a11y.atspi.Registry'
Feb 12 13:32:23 ildar-N550JK at-spi-bus-launcher[9253]: SpiRegistry daemon is running with well-known name - org.a11y.atspi.Registry
Feb 12 13:32:23 ildar-N550JK dhclient[9231]: DHCPREQUEST of 192.168.1.106 on wlp4s0 to 255.255.255.255 port 67 (xid=0x46f96b8e)
Feb 12 13:32:23 ildar-N550JK dbus-daemon[8972]: [session uid=1000 pid=8972] Activating service name='ca.desrt.dconf' requested by ':1.18' (uid=1000 pid=9154 comm="mate-session " label="unconfined")
Feb 12 13:32:23 ildar-N550JK dbus-daemon[8972]: [session uid=1000 pid=8972] Successfully activated service 'ca.desrt.dconf'
Feb 12 13:32:24 ildar-N550JK mate-session[9154]: WARNING: Unable to find provider '' of required component 'dock'
Feb 12 13:32:24 ildar-N550JK wpa_supplicant[1330]: wlp4s0: CTRL-EVENT-SIGNAL-CHANGE above=1 signal=-27 noise=-82 txrate=39000
Feb 12 13:32:24 ildar-N550JK dhclient[9231]: DHCPACK of 192.168.1.106 from 192.168.1.1
Feb 12 13:32:24 ildar-N550JK NetworkManager[1309]: <info>  [1644661944.2108] dhcp4 (wlp4s0):   address 192.168.1.106
Feb 12 13:32:24 ildar-N550JK NetworkManager[1309]: <info>  [1644661944.2108] dhcp4 (wlp4s0):   plen 24 (255.255.255.0)
Feb 12 13:32:24 ildar-N550JK NetworkManager[1309]: <info>  [1644661944.2108] dhcp4 (wlp4s0):   gateway 192.168.1.1
Feb 12 13:32:24 ildar-N550JK NetworkManager[1309]: <info>  [1644661944.2108] dhcp4 (wlp4s0):   lease time 25200
Feb 12 13:32:24 ildar-N550JK NetworkManager[1309]: <info>  [1644661944.2109] dhcp4 (wlp4s0):   nameserver '192.168.1.1'
Feb 12 13:32:24 ildar-N550JK NetworkManager[1309]: <info>  [1644661944.2109] dhcp4 (wlp4s0): state changed unknown -> bound
Feb 12 13:32:24 ildar-N550JK avahi-daemon[1212]: Joining mDNS multicast group on interface wlp4s0.IPv4 with address 192.168.1.106.
Feb 12 13:32:24 ildar-N550JK avahi-daemon[1212]: New relevant interface wlp4s0.IPv4 for mDNS.
Feb 12 13:32:24 ildar-N550JK avahi-daemon[1212]: Registering new address record for 192.168.1.106 on wlp4s0.IPv4.
Feb 12 13:32:24 ildar-N550JK NetworkManager[1309]: <info>  [1644661944.2120] device (wlp4s0): state change: ip-config -> ip-check (reason 'none', sys-iface-state: 'managed')
Feb 12 13:32:24 ildar-N550JK NetworkManager[1309]: <info>  [1644661944.2129] device (wlp4s0): state change: ip-check -> secondaries (reason 'none', sys-iface-state: 'managed')
Feb 12 13:32:24 ildar-N550JK NetworkManager[1309]: <info>  [1644661944.2131] device (wlp4s0): state change: secondaries -> activated (reason 'none', sys-iface-state: 'managed')
Feb 12 13:32:24 ildar-N550JK dhclient[9231]: bound to 192.168.1.106 -- renewal in 11556 seconds.
Feb 12 13:32:24 ildar-N550JK NetworkManager[1309]: <info>  [1644661944.2270] device (wlp4s0): Activation: successful, device activated.
Feb 12 13:32:24 ildar-N550JK dnsmasq[1916]: reading /etc/resolv.conf
Feb 12 13:32:24 ildar-N550JK dnsmasq[1916]: using nameserver 127.0.0.53#53
Feb 12 13:32:24 ildar-N550JK dnsmasq[1916]: reading /etc/resolv.conf
Feb 12 13:32:24 ildar-N550JK dnsmasq[1916]: using nameserver 127.0.0.53#53
Feb 12 13:32:24 ildar-N550JK dnsmasq[1916]: reading /etc/resolv.conf
Feb 12 13:32:24 ildar-N550JK dnsmasq[1916]: using nameserver 127.0.0.53#53
Feb 12 13:32:24 ildar-N550JK nm-dispatcher: req:2 'up' [wlp4s0]: new request (2 scripts)
Feb 12 13:32:24 ildar-N550JK nm-dispatcher: req:2 'up' [wlp4s0]: start running ordered scripts...
Feb 12 13:32:24 ildar-N550JK dnsmasq[1916]: reading /etc/resolv.conf
Feb 12 13:32:24 ildar-N550JK dnsmasq[1916]: using nameserver 127.0.0.53#53
Feb 12 13:32:24 ildar-N550JK dnsmasq[1916]: reading /etc/resolv.conf
Feb 12 13:32:24 ildar-N550JK dnsmasq[1916]: using nameserver 127.0.0.53#53
Feb 12 13:32:24 ildar-N550JK dnsmasq[1916]: reading /etc/resolv.conf
Feb 12 13:32:24 ildar-N550JK dnsmasq[1916]: using nameserver 127.0.0.53#53
Feb 12 13:32:24 ildar-N550JK dnsmasq[1916]: reading /etc/resolv.conf
Feb 12 13:32:24 ildar-N550JK dnsmasq[1916]: using nameserver 127.0.0.53#53
Feb 12 13:32:24 ildar-N550JK dnsmasq[1916]: reading /etc/resolv.conf
Feb 12 13:32:24 ildar-N550JK dnsmasq[1916]: using nameserver 127.0.0.53#53
Feb 12 13:32:24 ildar-N550JK dnsmasq[1916]: reading /etc/resolv.conf
Feb 12 13:32:24 ildar-N550JK dnsmasq[1916]: using nameserver 127.0.0.53#53
Feb 12 13:32:24 ildar-N550JK dnsmasq[1916]: reading /etc/resolv.conf
Feb 12 13:32:24 ildar-N550JK dnsmasq[1916]: using nameserver 127.0.0.53#53
Feb 12 13:32:24 ildar-N550JK dnsmasq[1916]: reading /etc/resolv.conf
Feb 12 13:32:24 ildar-N550JK dnsmasq[1916]: using nameserver 127.0.0.53#53
Feb 12 13:32:24 ildar-N550JK dnsmasq[1916]: reading /etc/resolv.conf
Feb 12 13:32:24 ildar-N550JK dnsmasq[1916]: using nameserver 127.0.0.53#53
Feb 12 13:32:24 ildar-N550JK dnsmasq[1916]: reading /etc/resolv.conf
Feb 12 13:32:24 ildar-N550JK dnsmasq[1916]: using nameserver 127.0.0.53#53
Feb 12 13:32:24 ildar-N550JK dnsmasq[1916]: reading /etc/resolv.conf
Feb 12 13:32:24 ildar-N550JK dnsmasq[1916]: using nameserver 127.0.0.53#53
Feb 12 13:32:24 ildar-N550JK dnsmasq[1916]: reading /etc/resolv.conf
Feb 12 13:32:24 ildar-N550JK dnsmasq[1916]: using nameserver 127.0.0.53#53
Feb 12 13:32:24 ildar-N550JK dnsmasq[1916]: reading /etc/resolv.conf
Feb 12 13:32:24 ildar-N550JK dnsmasq[1916]: using nameserver 127.0.0.53#53
Feb 12 13:32:24 ildar-N550JK dnsmasq[1916]: reading /etc/resolv.conf
Feb 12 13:32:24 ildar-N550JK dnsmasq[1916]: using nameserver 127.0.0.53#53
Feb 12 13:32:24 ildar-N550JK dnsmasq[1916]: reading /etc/resolv.conf
Feb 12 13:32:24 ildar-N550JK dnsmasq[1916]: using nameserver 127.0.0.53#53
Feb 12 13:32:24 ildar-N550JK systemd-resolved[1032]: Using degraded feature set (UDP) for DNS server 192.168.1.1.
Feb 12 13:32:24 ildar-N550JK dbus-daemon[1250]: [system] Activating via systemd: service name='org.freedesktop.hostname1' unit='dbus-org.freedesktop.hostname1.service' requested by ':1.163' (uid=1000 pid=9317 comm="/usr/bin/mate-settings-daemon " label="unconfined")
Feb 12 13:32:24 ildar-N550JK systemd[1]: Starting Hostname Service...
Feb 12 13:32:24 ildar-N550JK dbus-daemon[1250]: [system] Successfully activated service 'org.freedesktop.hostname1'
Feb 12 13:32:24 ildar-N550JK systemd[1]: Started Hostname Service.
Feb 12 13:32:24 ildar-N550JK dbus-daemon[8972]: [session uid=1000 pid=8972] Activating service name='org.mate.panel.applet.MintMenuAppletFactory' requested by ':1.27' (uid=1000 pid=9439 comm="mate-panel " label="unconfined")
Feb 12 13:32:24 ildar-N550JK dbus-daemon[8972]: [session uid=1000 pid=8972] Activating service name='org.mate.panel.applet.WnckletFactory' requested by ':1.27' (uid=1000 pid=9439 comm="mate-panel " label="unconfined")
Feb 12 13:32:24 ildar-N550JK dbus-daemon[8972]: [session uid=1000 pid=8972] Activating service name='org.mate.panel.applet.ClockAppletFactory' requested by ':1.27' (uid=1000 pid=9439 comm="mate-panel " label="unconfined")
Feb 12 13:32:24 ildar-N550JK dbus-daemon[8972]: [session uid=1000 pid=8972] Activating service name='org.mate.panel.applet.MateXAppStatusAppletFactory' requested by ':1.27' (uid=1000 pid=9439 comm="mate-panel " label="unconfined")
Feb 12 13:32:24 ildar-N550JK dbus-daemon[8972]: [session uid=1000 pid=8972] Activating service name='org.mate.panel.applet.NotificationAreaAppletFactory' requested by ':1.27' (uid=1000 pid=9439 comm="mate-panel " label="unconfined")
Feb 12 13:32:24 ildar-N550JK dbus-daemon[8972]: [session uid=1000 pid=8972] Activating via systemd: service name='org.gtk.vfs.UDisks2VolumeMonitor' unit='gvfs-udisks2-volume-monitor.service' requested by ':1.23' (uid=1000 pid=9317 comm="/usr/bin/mate-settings-daemon " label="unconfined")
Feb 12 13:32:24 ildar-N550JK dbus-daemon[8972]: [session uid=1000 pid=8972] Successfully activated service 'org.mate.panel.applet.NotificationAreaAppletFactory'
Feb 12 13:32:24 ildar-N550JK systemd[2366]: Starting Virtual filesystem service - disk device monitor...
Feb 12 13:32:24 ildar-N550JK dbus-daemon[8972]: [session uid=1000 pid=8972] Successfully activated service 'org.mate.panel.applet.WnckletFactory'
Feb 12 13:32:24 ildar-N550JK dbus-daemon[8972]: [session uid=1000 pid=8972] Successfully activated service 'org.mate.panel.applet.ClockAppletFactory'
Feb 12 13:32:24 ildar-N550JK dbus-daemon[8972]: [session uid=1000 pid=8972] Successfully activated service 'org.gtk.vfs.UDisks2VolumeMonitor'
Feb 12 13:32:24 ildar-N550JK systemd[2366]: Started Virtual filesystem service - disk device monitor.
Feb 12 13:32:24 ildar-N550JK dbus-daemon[8972]: [session uid=1000 pid=8972] Activating via systemd: service name='org.gtk.vfs.AfcVolumeMonitor' unit='gvfs-afc-volume-monitor.service' requested by ':1.23' (uid=1000 pid=9317 comm="/usr/bin/mate-settings-daemon " label="unconfined")
Feb 12 13:32:24 ildar-N550JK systemd[2366]: Starting Virtual filesystem service - Apple File Conduit monitor...
Feb 12 13:32:24 ildar-N550JK NetworkManager[1309]: <info>  [1644661944.5962] manager: NetworkManager state is now CONNECTED_GLOBAL
Feb 12 13:32:24 ildar-N550JK nm-dispatcher: req:3 'connectivity-change': new request (2 scripts)
Feb 12 13:32:24 ildar-N550JK nm-dispatcher: req:3 'connectivity-change': start running ordered scripts...
Feb 12 13:32:24 ildar-N550JK NetworkManager[1309]: <info>  [1644661944.5973] policy: set 'Keenetic-6041' (wlp4s0) as default for IPv4 routing and DNS
Feb 12 13:32:24 ildar-N550JK gvfs-afc-volume-monitor[9510]: Volume monitor alive
Feb 12 13:32:24 ildar-N550JK dbus-daemon[8972]: [session uid=1000 pid=8972] Successfully activated service 'org.gtk.vfs.AfcVolumeMonitor'
Feb 12 13:32:24 ildar-N550JK systemd[2366]: Started Virtual filesystem service - Apple File Conduit monitor.
Feb 12 13:32:24 ildar-N550JK dbus-daemon[8972]: [session uid=1000 pid=8972] Activating via systemd: service name='org.gtk.vfs.MTPVolumeMonitor' unit='gvfs-mtp-volume-monitor.service' requested by ':1.23' (uid=1000 pid=9317 comm="/usr/bin/mate-settings-daemon " label="unconfined")
Feb 12 13:32:24 ildar-N550JK systemd[2366]: Starting Virtual filesystem service - Media Transfer Protocol monitor...
Feb 12 13:32:24 ildar-N550JK dbus-daemon[8972]: [session uid=1000 pid=8972] Successfully activated service 'org.gtk.vfs.MTPVolumeMonitor'
Feb 12 13:32:24 ildar-N550JK systemd[2366]: Started Virtual filesystem service - Media Transfer Protocol monitor.
Feb 12 13:32:24 ildar-N550JK dbus-daemon[8972]: [session uid=1000 pid=8972] Activating via systemd: service name='org.gtk.vfs.GoaVolumeMonitor' unit='gvfs-goa-volume-monitor.service' requested by ':1.23' (uid=1000 pid=9317 comm="/usr/bin/mate-settings-daemon " label="unconfined")
Feb 12 13:32:24 ildar-N550JK systemd[2366]: Starting Virtual filesystem service - GNOME Online Accounts monitor...
Feb 12 13:32:24 ildar-N550JK dbus-daemon[8972]: [session uid=1000 pid=8972] Successfully activated service 'org.mate.panel.applet.MintMenuAppletFactory'
Feb 12 13:32:24 ildar-N550JK dbus-daemon[8972]: [session uid=1000 pid=8972] Successfully activated service 'org.gtk.vfs.GoaVolumeMonitor'
Feb 12 13:32:24 ildar-N550JK systemd[2366]: Started Virtual filesystem service - GNOME Online Accounts monitor.
Feb 12 13:32:24 ildar-N550JK dbus-daemon[8972]: [session uid=1000 pid=8972] Activating via systemd: service name='org.gtk.vfs.GPhoto2VolumeMonitor' unit='gvfs-gphoto2-volume-monitor.service' requested by ':1.23' (uid=1000 pid=9317 comm="/usr/bin/mate-settings-daemon " label="unconfined")
Feb 12 13:32:24 ildar-N550JK systemd[2366]: Starting Virtual filesystem service - digital camera monitor...
Feb 12 13:32:24 ildar-N550JK dbus-daemon[8972]: [session uid=1000 pid=8972] Successfully activated service 'org.gtk.vfs.GPhoto2VolumeMonitor'
Feb 12 13:32:24 ildar-N550JK systemd[2366]: Started Virtual filesystem service - digital camera monitor.
Feb 12 13:32:24 ildar-N550JK dbus-daemon[8972]: [session uid=1000 pid=8972] Successfully activated service 'org.mate.panel.applet.MateXAppStatusAppletFactory'
Feb 12 13:32:24 ildar-N550JK dbus-daemon[1250]: [system] Activating service name='org.mate.SettingsDaemon.DateTimeMechanism' requested by ':1.170' (uid=1000 pid=9474 comm="/usr/lib/mate-panel/clock-applet " label="unconfined") (using servicehelper)
Feb 12 13:32:24 ildar-N550JK dbus-daemon[8972]: [session uid=1000 pid=8972] Activating via systemd: service name='org.bluez.obex' unit='dbus-org.bluez.obex.service' requested by ':1.47' (uid=1000 pid=9485 comm="blueberry-obex-agent                              " label="unconfined")
Feb 12 13:32:24 ildar-N550JK systemd[2366]: Starting Bluetooth OBEX service...
Feb 12 13:32:24 ildar-N550JK dbus-daemon[1250]: [system] Successfully activated service 'org.mate.SettingsDaemon.DateTimeMechanism'
Feb 12 13:32:24 ildar-N550JK obexd[9596]: OBEX daemon 5.48
Feb 12 13:32:24 ildar-N550JK dbus-daemon[8972]: [session uid=1000 pid=8972] Successfully activated service 'org.bluez.obex'
Feb 12 13:32:24 ildar-N550JK systemd[2366]: Started Bluetooth OBEX service.
Feb 12 13:32:24 ildar-N550JK clock-applet[9474]: Negative content width -7 (allocation 1, extents 4x4) while allocating gadget (node button, owner GtkToggleButton)
Feb 12 13:32:24 ildar-N550JK mate-xapp-statu[9477]: gtk_widget_size_allocate(): attempt to allocate widget with width -3 and height 1
Feb 12 13:32:25 ildar-N550JK bluetoothd[2962]: Failed to set mode: Blocked through rfkill (0x12)
Feb 12 13:32:25 ildar-N550JK org.mate.panel.applet.MintMenuAppletFactory[8972]: #015Reading package lists... 0%#015#015Reading package lists... 0%#015#015Reading package lists... 3%#015#015Reading package lists... Done
Feb 12 13:32:25 ildar-N550JK dbus-daemon[8972]: [session uid=1000 pid=8972] Activating via systemd: service name='org.gtk.vfs.Metadata' unit='gvfs-metadata.service' requested by ':1.43' (uid=1000 pid=9467 comm="caja " label="unconfined")
Feb 12 13:32:25 ildar-N550JK systemd[2366]: Starting Virtual filesystem metadata service...
Feb 12 13:32:25 ildar-N550JK dbus-daemon[8972]: [session uid=1000 pid=8972] Successfully activated service 'org.gtk.vfs.Metadata'
Feb 12 13:32:25 ildar-N550JK systemd[2366]: Started Virtual filesystem metadata service.
Feb 12 13:32:26 ildar-N550JK org.mate.panel.applet.MintMenuAppletFactory[8972]: #015Building dependency tree... 0%#015#015Building dependency tree... 0%#015#015Building dependency tree... 50%#015#015Building dependency tree... 50%#015#015Building dependency tree... 72%#015#015Building dependency tree
Feb 12 13:32:26 ildar-N550JK org.mate.panel.applet.MintMenuAppletFactory[8972]: #015Reading state information... 0%#015#015Reading state information... 0%#015#015Reading state information... Done
Feb 12 13:32:35 ildar-N550JK ntpdate[9369]: adjust time server 194.190.168.1 offset 0.007863 sec
Feb 12 13:32:35 ildar-N550JK mate-volume-con[9681]: GtkDialog mapped without a transient parent. This is discouraged.
Feb 12 13:33:02 ildar-N550JK systemd[2366]: Stopping D-Bus User Message Bus...
Feb 12 13:33:02 ildar-N550JK gvfsd[9205]: A connection to the bus can't be made
Feb 12 13:33:02 ildar-N550JK systemd[2366]: obex.service: Main process exited, code=exited, status=1/FAILURE
Feb 12 13:33:02 ildar-N550JK systemd[2366]: obex.service: Failed with result 'exit-code'.
Feb 12 13:33:02 ildar-N550JK NetworkManager[1309]: <warn>  [1644661982.6233] error requesting auth for org.freedesktop.NetworkManager.reload: Authorization check failed: Failed to open file “/proc/9489/status”: No such file or directory
Feb 12 13:33:02 ildar-N550JK NetworkManager[1309]: <warn>  [1644661982.6240] error requesting auth for org.freedesktop.NetworkManager.checkpoint-rollback: Authorization check failed: Failed to open file “/proc/9489/status”: No such file or directory
Feb 12 13:33:02 ildar-N550JK NetworkManager[1309]: <warn>  [1644661982.6244] error requesting auth for org.freedesktop.NetworkManager.enable-disable-statistics: Authorization check failed: Failed to open file “/proc/9489/status”: No such file or directory
Feb 12 13:33:02 ildar-N550JK NetworkManager[1309]: <warn>  [1644661982.6248] error requesting auth for org.freedesktop.NetworkManager.enable-disable-connectivity-check: Authorization check failed: Failed to open file “/proc/9489/status”: No such file or directory
Feb 12 13:33:02 ildar-N550JK systemd[1]: Stopping Daemon for power management...
Feb 12 13:33:02 ildar-N550JK systemd[1]: Stopping Authorization Manager...
Feb 12 13:33:02 ildar-N550JK systemd[1]: Stopping Manage, Install and Generate Color Profiles...
Feb 12 13:33:02 ildar-N550JK systemd[1]: Unmounting RPC Pipe File System...
Feb 12 13:33:02 ildar-N550JK systemd[1]: session-c1.scope: Killing process 2797 (pulseaudio) with signal SIGTERM.
Feb 12 13:33:02 ildar-N550JK systemd[1]: Stopping Session c1 of user ildar.
Feb 12 13:33:02 ildar-N550JK systemd[1]: Stopping Session c5 of user ildar.
Feb 12 13:33:02 ildar-N550JK systemd[1]: Stopping Availability of block devices...
Feb 12 13:33:02 ildar-N550JK systemd[1]: Closed Load/Save RF Kill Switch Status /dev/rfkill Watch.
Feb 12 13:33:02 ildar-N550JK systemd[1]: Stopped target Sound Card.
Feb 12 13:33:02 ildar-N550JK systemd[1]: Stopping flatpak system helper...
Feb 12 13:33:02 ildar-N550JK systemd[1]: Stopped target Bluetooth.
Feb 12 13:33:02 ildar-N550JK bluetoothd[2962]: Terminating
Feb 12 13:33:02 ildar-N550JK systemd[1]: Stopping Bluetooth service...
Feb 12 13:33:02 ildar-N550JK bluetoothd[2962]: Endpoint unregistered: sender=:1.46 path=/MediaEndpoint/A2DPSource
Feb 12 13:33:02 ildar-N550JK systemd[1]: Stopped QEMU KVM preparation - module, ksm, hugepages.
Feb 12 13:33:02 ildar-N550JK bluetoothd[2962]: Endpoint unregistered: sender=:1.46 path=/MediaEndpoint/A2DPSink
Feb 12 13:33:02 ildar-N550JK systemd[1]: Stopped target Timers.
Feb 12 13:33:02 ildar-N550JK systemd[1]: Stopped Daily apt upgrade and clean activities.
Feb 12 13:33:02 ildar-N550JK systemd[1]: Stopped Message of the Day.
Feb 12 13:33:02 ildar-N550JK systemd[1]: Stopped Daily Cleanup of Temporary Directories.
Feb 12 13:33:02 ildar-N550JK systemd[1]: Stopped Discard unused blocks once a week.
Feb 12 13:33:02 ildar-N550JK systemd[1]: Stopping Create final runtime dir for shutdown pivot root...
Feb 12 13:33:02 ildar-N550JK systemd[1]: Stopping ACPI event daemon...
Feb 12 13:33:02 ildar-N550JK systemd[1]: Stopped target RPC Port Mapper.
Feb 12 13:33:02 ildar-N550JK systemd[1]: Stopped Ubuntu Advantage Timer for running repeated jobs.
Feb 12 13:33:02 ildar-N550JK systemd[1]: Stopped Daily apt download activities.
Feb 12 13:33:02 ildar-N550JK systemd[1]: Stopping User Manager for UID 1000...
Feb 12 13:33:02 ildar-N550JK systemd[1]: Stopping RealtimeKit Scheduling Policy Service...
Feb 12 13:33:02 ildar-N550JK systemd[1]: Stopped Stop ureadahead data collection 45s after completed startup.
Feb 12 13:33:02 ildar-N550JK systemd[1]: Stopped target Graphical Interface.
Feb 12 13:33:02 ildar-N550JK systemd[1]: Stopping Light Display Manager...
Feb 12 13:33:02 ildar-N550JK systemd[1]: Stopped target Multi-User System.
Feb 12 13:33:28 ildar-N550JK systemd-modules-load[495]: Inserted module 'lp'
Feb 12 13:33:28 ildar-N550JK systemd-modules-load[495]: Inserted module 'ppdev'
Feb 12 13:33:28 ildar-N550JK systemd-modules-load[495]: Inserted module 'parport_pc'
Feb 12 13:33:28 ildar-N550JK systemd[1]: Starting Flush Journal to Persistent Storage...
Feb 12 13:33:28 ildar-N550JK mtp-probe: checking bus 3, device 2: "/sys/devices/pci0000:00/0000:00:14.0/usb3/3-1"
Feb 12 13:33:28 ildar-N550JK systemd[1]: Started udev Coldplug all Devices.
Feb 12 13:33:28 ildar-N550JK mtp-probe: checking bus 3, device 6: "/sys/devices/pci0000:00/0000:00:14.0/usb3/3-7"
Feb 12 13:33:28 ildar-N550JK systemd[1]: Activated swap /swapfile.
Feb 12 13:33:28 ildar-N550JK mtp-probe: bus: 3, device: 2 was not an MTP device
Feb 12 13:33:28 ildar-N550JK systemd[1]: Reached target Swap.
Feb 12 13:33:28 ildar-N550JK mtp-probe: bus: 3, device: 6 was not an MTP device
Feb 12 13:33:28 ildar-N550JK systemd[1]: Started Monitoring of LVM2 mirrors, snapshots etc. using dmeventd or progress polling.
Feb 12 13:33:28 ildar-N550JK systemd[1]: Reached target Local File Systems (Pre).
Feb 12 13:33:28 ildar-N550JK systemd[1]: Mounting Mount unit for wine-platform-6-stable, revision 5...
Feb 12 13:33:28 ildar-N550JK systemd[1]: Mounting Mount unit for wine-platform-3-stable, revision 14...
Feb 12 13:33:28 ildar-N550JK systemd[1]: Mounting Mount unit for wine-platform-runtime, revision 283...
Feb 12 13:33:28 ildar-N550JK systemd[1]: Mounting Mount unit for node, revision 5857...
Feb 12 13:33:28 ildar-N550JK systemd[1]: Mounting Mount unit for micropad, revision 50...
Feb 12 13:33:28 ildar-N550JK systemd[1]: Mounting Mount unit for kubectl, revision 2308...
Feb 12 13:33:28 ildar-N550JK systemd[1]: Mounting Mount unit for notepad-plus-plus, revision 335...
Feb 12 13:33:28 ildar-N550JK systemd[1]: Mounting Mount unit for core18, revision 2253...
Feb 12 13:33:28 ildar-N550JK systemd[1]: Mounting Mount unit for vlc, revision 2344...
Feb 12 13:33:28 ildar-N550JK systemd[1]: Mounting Mount unit for wine-platform-runtime, revision 284...
Feb 12 13:33:28 ildar-N550JK systemd[1]: Mounting Mount unit for core, revision 11993...
Feb 12 13:33:28 ildar-N550JK systemd[1]: Mounting Mount unit for notepad-plus-plus, revision 343...
Feb 12 13:33:28 ildar-N550JK systemd[1]: Mounting Mount unit for gnome-3-28-1804, revision 161...
Feb 12 13:33:28 ildar-N550JK systemd[1]: Mounting Mount unit for wine-platform-3-stable, revision 11...
Feb 12 13:33:28 ildar-N550JK systemd[1]: Mounting Mount unit for gtk-common-themes, revision 1519...
Feb 12 13:33:28 ildar-N550JK systemd[1]: Mounting Mount unit for lnav, revision 2198...
Feb 12 13:33:28 ildar-N550JK systemd[1]: Mounting Mount unit for core20, revision 1270...
Feb 12 13:33:28 ildar-N550JK systemd[1]: Mounting Mount unit for node, revision 5768...
Feb 12 13:33:28 ildar-N550JK systemd[1]: Mounting Mount unit for core20, revision 1328...
Feb 12 13:33:28 ildar-N550JK systemd[1]: Mounting Mount unit for notepadqq, revision 855...
Feb 12 13:33:28 ildar-N550JK systemd[1]: Mounting Mount unit for lnav, revision 2002...
Feb 12 13:33:28 ildar-N550JK systemd[1]: Mounting Mount unit for micropad, revision 51...
Feb 12 13:33:28 ildar-N550JK systemd[1]: Mounting Mount unit for wine-platform-6-stable, revision 14...
Feb 12 13:33:28 ildar-N550JK systemd[1]: Mounting Mount unit for gtk-common-themes, revision 1515...
Feb 12 13:33:28 ildar-N550JK systemd[1]: Mounting Mount unit for core, revision 12603...
Feb 12 13:33:28 ildar-N550JK systemd[1]: Mounting Mount unit for core18, revision 2284...
Feb 12 13:33:28 ildar-N550JK systemd[1]: Mounting Mount unit for wine-platform-5-stable, revision 18...
Feb 12 13:33:28 ildar-N550JK systemd[1]: Mounting Mount unit for vlc, revision 2103...
Feb 12 13:33:28 ildar-N550JK systemd[1]: Mounting Mount unit for wine-platform-5-stable, revision 16...
Feb 12 13:33:28 ildar-N550JK systemd[1]: Mounting Mount unit for gnome-3-28-1804, revision 145...
Feb 12 13:33:28 ildar-N550JK systemd[1]: Mounting Mount unit for bare, revision 5...
Feb 12 13:33:28 ildar-N550JK systemd[1]: Mounting Mount unit for exercism, revision 5...
Feb 12 13:33:28 ildar-N550JK systemd[1]: Mounting Mount unit for kubectl, revision 2296...
Feb 12 13:33:28 ildar-N550JK systemd[1]: Started udev Kernel Device Manager.
Feb 12 13:33:28 ildar-N550JK systemd[1]: Starting Show Plymouth Boot Screen...
Feb 12 13:33:28 ildar-N550JK systemd[1]: Started Show Plymouth Boot Screen.
Feb 12 13:33:28 ildar-N550JK systemd[1]: Started Forward Password Requests to Plymouth Directory Watch.
Feb 12 13:33:28 ildar-N550JK systemd[1]: Reached target Local Encrypted Volumes.
Feb 12 13:33:28 ildar-N550JK systemd[1]: Mounted Mount unit for micropad, revision 50.
Feb 12 13:33:28 ildar-N550JK systemd[1]: Mounted Mount unit for kubectl, revision 2308.
Feb 12 13:33:28 ildar-N550JK systemd-udevd[561]: link_config: autonegotiation is unset or enabled, the speed and duplex are not writable.
Feb 12 13:33:28 ildar-N550JK systemd[1]: Mounted Mount unit for wine-platform-runtime, revision 284.
Feb 12 13:33:28 ildar-N550JK systemd[1]: Created slice system-systemd\x2dbacklight.slice.
Feb 12 13:33:28 ildar-N550JK systemd[1]: Starting Load/Save Screen Backlight Brightness of backlight:intel_backlight...
Feb 12 13:33:28 ildar-N550JK systemd[1]: Started Load/Save Screen Backlight Brightness of backlight:intel_backlight.
Feb 12 13:33:28 ildar-N550JK systemd[1]: Started Flush Journal to Persistent Storage.
Feb 12 13:33:28 ildar-N550JK systemd[1]: Mounted Mount unit for notepad-plus-plus, revision 335.
Feb 12 13:33:28 ildar-N550JK systemd[1]: Mounted Mount unit for core, revision 11993.
Feb 12 13:33:28 ildar-N550JK mtp-probe: checking bus 3, device 8: "/sys/devices/pci0000:00/0000:00:14.0/usb3/3-8"
Feb 12 13:33:28 ildar-N550JK systemd[1]: Mounted Mount unit for wine-platform-runtime, revision 283.
Feb 12 13:33:28 ildar-N550JK mtp-probe: checking bus 3, device 7: "/sys/devices/pci0000:00/0000:00:14.0/usb3/3-2/3-2.3"
Feb 12 13:33:28 ildar-N550JK mtp-probe: bus: 3, device: 7 was not an MTP device
Feb 12 13:33:28 ildar-N550JK systemd[1]: Mounted Mount unit for wine-platform-6-stable, revision 5.
Feb 12 13:33:28 ildar-N550JK systemd[1]: Mounted Mount unit for core18, revision 2253.
Feb 12 13:33:28 ildar-N550JK mtp-probe: bus: 3, device: 8 was not an MTP device
Feb 12 13:33:28 ildar-N550JK mtp-probe: checking bus 3, device 5: "/sys/devices/pci0000:00/0000:00:14.0/usb3/3-2/3-2.2"
Feb 12 13:33:28 ildar-N550JK mtp-probe: bus: 3, device: 5 was not an MTP device
Feb 12 13:33:28 ildar-N550JK systemd[1]: Found device Samsung_SSD_860_EVO_500GB SYSTEM.
Feb 12 13:33:28 ildar-N550JK systemd[1]: Starting File System Check on /dev/disk/by-uuid/C0FE-0FC6...
Feb 12 13:33:28 ildar-N550JK systemd-udevd[565]: link_config: autonegotiation is unset or enabled, the speed and duplex are not writable.
Feb 12 13:33:28 ildar-N550JK systemd[1]: Started File System Check Daemon to report status.
Feb 12 13:33:28 ildar-N550JK systemd[1]: Listening on Load/Save RF Kill Switch Status /dev/rfkill Watch.
Feb 12 13:33:28 ildar-N550JK systemd[1]: Starting Load/Save RF Kill Switch Status...
Feb 12 13:33:28 ildar-N550JK systemd-fsck[899]: fsck.fat 4.1 (2017-01-24)
Feb 12 13:33:28 ildar-N550JK systemd-fsck[899]: There are differences between boot sector and its backup.
Feb 12 13:33:28 ildar-N550JK systemd-fsck[899]: This is mostly harmless. Differences: (offset:original/backup)
Feb 12 13:33:28 ildar-N550JK systemd-fsck[899]:   28:40/00, 65:00/01
Feb 12 13:33:28 ildar-N550JK systemd-fsck[899]:   Not automatically fixing this.
Feb 12 13:33:28 ildar-N550JK systemd-fsck[899]: /dev/sdb1: 223 files, 29951/101590 clusters
Feb 12 13:33:28 ildar-N550JK systemd[1]: Started File System Check on /dev/disk/by-uuid/C0FE-0FC6.
Feb 12 13:33:28 ildar-N550JK systemd[1]: Mounting /boot/efi...
Feb 12 13:33:28 ildar-N550JK systemd[1]: Mounted /boot/efi.
Feb 12 13:33:28 ildar-N550JK systemd[1]: Reached target Local File Systems.
Feb 12 13:33:28 ildar-N550JK systemd[1]: Starting QEMU KVM preparation - module, ksm, hugepages...
Feb 12 13:33:28 ildar-N550JK systemd[1]: Starting AppArmor initialization...
Feb 12 13:33:28 ildar-N550JK systemd[1]: Starting Clean up any mess left by 0dns-up...
Feb 12 13:33:28 ildar-N550JK systemd[1]: Starting Create final runtime dir for shutdown pivot root...
Feb 12 13:33:28 ildar-N550JK systemd[1]: Starting ebtables ruleset management...
Feb 12 13:33:28 ildar-N550JK systemd[1]: Starting Create Volatile Files and Directories...
Feb 12 13:33:28 ildar-N550JK systemd[1]: Starting Tell Plymouth To Write Out Runtime Data...
Feb 12 13:33:28 ildar-N550JK systemd[1]: Starting Set console font and keymap...
Feb 12 13:33:28 ildar-N550JK systemd[1]: Starting Preprocess NFS configuration...
Feb 12 13:33:28 ildar-N550JK systemd[1]: Started Create final runtime dir for shutdown pivot root.
Feb 12 13:33:28 ildar-N550JK systemd[1]: Started QEMU KVM preparation - module, ksm, hugepages.
Feb 12 13:33:28 ildar-N550JK systemd[1]: Started Set console font and keymap.
Feb 12 13:33:28 ildar-N550JK systemd[1]: Started Preprocess NFS configuration.
Feb 12 13:33:28 ildar-N550JK systemd[1]: Started Tell Plymouth To Write Out Runtime Data.
Feb 12 13:33:28 ildar-N550JK systemd[1]: Starting Show Plymouth Boot Screen...
Feb 12 13:33:28 ildar-N550JK systemd[1]: Reached target NFS client services.
Feb 12 13:33:28 ildar-N550JK apparmor[930]:  * Starting AppArmor profiles
Feb 12 13:33:28 ildar-N550JK systemd[1]: Started Create Volatile Files and Directories.
Feb 12 13:33:28 ildar-N550JK systemd[1]: Starting Update UTMP about System Boot/Shutdown...
Feb 12 13:33:28 ildar-N550JK systemd[1]: Starting Network Time Synchronization...
Feb 12 13:33:28 ildar-N550JK systemd[1]: Starting Network Name Resolution...
Feb 12 13:33:28 ildar-N550JK systemd[1]: Starting RPC bind portmap service...
Feb 12 13:33:28 ildar-N550JK systemd[1]: Started ebtables ruleset management.
Feb 12 13:33:28 ildar-N550JK systemd[1]: Started Clean up any mess left by 0dns-up.
Feb 12 13:33:28 ildar-N550JK systemd[1]: Started Show Plymouth Boot Screen.
Feb 12 13:33:28 ildar-N550JK systemd[1]: Reached target Network (Pre).
Feb 12 13:33:28 ildar-N550JK systemd[1]: Started Update UTMP about System Boot/Shutdown.
Feb 12 13:33:28 ildar-N550JK systemd[1]: Started RPC bind portmap service.
Feb 12 13:33:28 ildar-N550JK systemd[1]: Reached target Remote File Systems (Pre).
Feb 12 13:33:28 ildar-N550JK systemd[1]: Reached target Remote File Systems.
Feb 12 13:33:28 ildar-N550JK systemd[1]: Reached target RPC Port Mapper.
Feb 12 13:33:28 ildar-N550JK systemd[1]: Mounted Mount unit for gtk-common-themes, revision 1519.
Feb 12 13:33:28 ildar-N550JK systemd[1]: Mounted Mount unit for wine-platform-3-stable, revision 14.
Feb 12 13:33:28 ildar-N550JK systemd[1]: Started Network Time Synchronization.
Feb 12 13:33:28 ildar-N550JK systemd-resolved[987]: Positive Trust Anchors:
Feb 12 13:33:28 ildar-N550JK systemd-resolved[987]: . IN DS 19036 8 2 49aac11d7b6f6446702e54a1607371607a1a41855200fd2ce1cdde32f24e8fb5
Feb 12 13:33:28 ildar-N550JK systemd-resolved[987]: . IN DS 20326 8 2 e06d44b80b8f1d39a95c0b0d7c65d08458e880409bbc683457104237c7f8ec8d
Feb 12 13:33:28 ildar-N550JK systemd-resolved[987]: Negative trust anchors: 10.in-addr.arpa 16.172.in-addr.arpa 17.172.in-addr.arpa 18.172.in-addr.arpa 19.172.in-addr.arpa 20.172.in-addr.arpa 21.172.in-addr.arpa 22.172.in-addr.arpa 23.172.in-addr.arpa 24.172.in-addr.arpa 25.172.in-addr.arpa 26.172.in-addr.arpa 27.172.in-addr.arpa 28.172.in-addr.arpa 29.172.in-addr.arpa 30.172.in-addr.arpa 31.172.in-addr.arpa 168.192.in-addr.arpa d.f.ip6.arpa corp home internal intranet lan local private test
Feb 12 13:33:28 ildar-N550JK systemd-resolved[987]: Using system hostname 'ildar-N550JK'.
Feb 12 13:33:28 ildar-N550JK systemd[1]: Started Network Name Resolution.
Feb 12 13:33:28 ildar-N550JK systemd[1]: Reached target Host and Network Name Lookups.
Feb 12 13:33:28 ildar-N550JK systemd[1]: Mounted Mount unit for notepad-plus-plus, revision 343.
Feb 12 13:33:28 ildar-N550JK apparmor[930]: Skipping profile in /etc/apparmor.d/disable: usr.bin.firefox
Feb 12 13:33:28 ildar-N550JK apparmor[930]: Skipping profile in /etc/apparmor.d/disable: usr.sbin.rsyslogd
Feb 12 13:33:28 ildar-N550JK systemd[1]: Starting Load/Save Screen Backlight Brightness of leds:asus::kbd_backlight...
Feb 12 13:33:28 ildar-N550JK systemd[1]: Started Load/Save Screen Backlight Brightness of leds:asus::kbd_backlight.
Feb 12 13:33:28 ildar-N550JK systemd[1]: Mounted Mount unit for lnav, revision 2198.
Feb 12 13:33:28 ildar-N550JK systemd-udevd[591]: link_config: autonegotiation is unset or enabled, the speed and duplex are not writable.
Feb 12 13:33:28 ildar-N550JK apparmor[930]:    ...done.
Feb 12 13:33:28 ildar-N550JK systemd[1]: Started Load/Save RF Kill Switch Status.
Feb 12 13:33:28 ildar-N550JK systemd[1]: Started AppArmor initialization.
Feb 12 13:33:28 ildar-N550JK systemd[1]: Reached target Sound Card.
Feb 12 13:33:28 ildar-N550JK systemd[1]: Starting Raise network interfaces...
Feb 12 13:33:28 ildar-N550JK systemd[1]: Starting Load AppArmor profiles managed internally by snapd...
Feb 12 13:33:28 ildar-N550JK systemd[1]: Starting Tell Plymouth To Write Out Runtime Data...
Feb 12 13:33:28 ildar-N550JK systemd[1]: Starting Show Plymouth Boot Screen...
Feb 12 13:33:28 ildar-N550JK systemd[1]: Started Tell Plymouth To Write Out Runtime Data.
Feb 12 13:33:28 ildar-N550JK systemd[1]: Started Show Plymouth Boot Screen.
Feb 12 13:33:28 ildar-N550JK systemd[1]: Started Load AppArmor profiles managed internally by snapd.
Feb 12 13:33:28 ildar-N550JK systemd[1]: Reached target System Initialization.
Feb 12 13:33:28 ildar-N550JK systemd[1]: Listening on UUID daemon activation socket.
Feb 12 13:33:28 ildar-N550JK systemd[1]: Listening on Avahi mDNS/DNS-SD Stack Activation Socket.
Feb 12 13:33:28 ildar-N550JK systemd[1]: Started Discard unused blocks once a week.
Feb 12 13:33:28 ildar-N550JK systemd[1]: Starting Docker Socket for the API.
Feb 12 13:33:28 ildar-N550JK systemd[1]: Started Trigger anacron every hour.
Feb 12 13:33:28 ildar-N550JK systemd[1]: Started Daily apt download activities.
Feb 12 13:33:28 ildar-N550JK systemd[1]: Started CUPS Scheduler.
Feb 12 13:33:28 ildar-N550JK systemd[1]: Started Daily apt upgrade and clean activities.
Feb 12 13:33:28 ildar-N550JK systemd[1]: Listening on ACPID Listen Socket.
Feb 12 13:33:28 ildar-N550JK systemd[1]: Started Daily Cleanup of Temporary Directories.
Feb 12 13:33:28 ildar-N550JK systemd[1]: Starting Socket activation for snappy daemon.
Feb 12 13:33:28 ildar-N550JK systemd[1]: Started ACPI Events Check.
Feb 12 13:33:28 ildar-N550JK systemd[1]: Started Trigger to poll for Ubuntu Pro licenses (Only enabled on GCP LTS non-pro).
Feb 12 13:33:28 ildar-N550JK systemd[1]: Reached target Paths.
Feb 12 13:33:28 ildar-N550JK systemd[1]: Listening on CUPS Scheduler.
Feb 12 13:33:28 ildar-N550JK systemd[1]: Started Message of the Day.
Feb 12 13:33:28 ildar-N550JK systemd[1]: Listening on Virtual machine log manager socket.
Feb 12 13:33:28 ildar-N550JK systemd[1]: Listening on D-Bus System Message Bus Socket.
Feb 12 13:33:28 ildar-N550JK systemd[1]: Started Ubuntu Advantage Timer for running repeated jobs.
Feb 12 13:33:28 ildar-N550JK systemd[1]: Reached target Timers.
Feb 12 13:33:28 ildar-N550JK systemd[1]: Listening on Virtual machine lock manager socket.
Feb 12 13:33:28 ildar-N550JK systemd[1]: Mounted Mount unit for node, revision 5857.
Feb 12 13:33:28 ildar-N550JK systemd[1]: Listening on Docker Socket for the API.
Feb 12 13:33:28 ildar-N550JK systemd[1]: Listening on Socket activation for snappy daemon.
Feb 12 13:33:28 ildar-N550JK systemd[1]: Reached target Sockets.
Feb 12 13:33:28 ildar-N550JK systemd[1]: Reached target Basic System.
Feb 12 13:33:28 ildar-N550JK systemd[1]: Started Set the CPU Frequency Scaling governor.
Feb 12 13:33:28 ildar-N550JK systemd[1]: Starting Accounts Service...
Feb 12 13:33:28 ildar-N550JK systemd[1]: Starting VirtualBox Linux kernel module...
Feb 12 13:33:28 ildar-N550JK systemd[1]: Started Run anacron jobs.
Feb 12 13:33:28 ildar-N550JK systemd[1]: Starting LSB: Record successful boot for GRUB...
Feb 12 13:33:28 ildar-N550JK systemd[1]: Started ACPI event daemon.
Feb 12 13:33:28 ildar-N550JK systemd[1]: Started D-Bus System Message Bus.
Feb 12 13:33:28 ildar-N550JK anacron[1203]: Anacron 2.3 started on 2022-02-12
Feb 12 13:33:28 ildar-N550JK anacron[1203]: Will run job `cron.weekly' in 10 min.
Feb 12 13:33:28 ildar-N550JK anacron[1203]: Will run job `cron.monthly' in 15 min.
Feb 12 13:33:28 ildar-N550JK anacron[1203]: Jobs will be executed sequentially
Feb 12 13:33:28 ildar-N550JK systemd-udevd[574]: Process '/usr/sbin/alsactl -E HOME=/run/alsa restore 0' failed with exit code 99.
Feb 12 13:33:28 ildar-N550JK dbus-daemon[1210]: dbus[1210]: Unknown username "whoopsie" in message bus configuration file
Feb 12 13:33:28 ildar-N550JK acpid: starting up with netlink and the input layer
Feb 12 13:33:28 ildar-N550JK vboxdrv.sh[1202]: vboxdrv.sh: Starting VirtualBox services.
Feb 12 13:33:28 ildar-N550JK vboxdrv.sh: Starting VirtualBox services.
Feb 12 13:33:28 ildar-N550JK vboxdrv.sh[1202]: vboxdrv.sh: Building VirtualBox kernel modules.
Feb 12 13:33:28 ildar-N550JK vboxdrv.sh: Building VirtualBox kernel modules.
Feb 12 13:33:28 ildar-N550JK acpid: 8 rules loaded
Feb 12 13:33:28 ildar-N550JK acpid: waiting for events: event logging is off
Feb 12 13:33:28 ildar-N550JK dbus-daemon[1210]: dbus[1210]: Unknown group "power" in message bus configuration file
Feb 12 13:33:28 ildar-N550JK dbus-daemon[1210]: [system] AppArmor D-Bus mediation is enabled
Feb 12 13:33:28 ildar-N550JK systemd[1]: Started ntp-systemd-netif.service.
Feb 12 13:33:28 ildar-N550JK systemd[1]: Starting LSB: Speech Dispatcher...
Feb 12 13:33:28 ildar-N550JK systemd[1]: Started irqbalance daemon.
Feb 12 13:33:28 ildar-N550JK systemd[1]: Starting Restore /etc/resolv.conf if the system crashed before the ppp link was shut down...
Feb 12 13:33:28 ildar-N550JK systemd[1]: Starting Login Service...
Feb 12 13:33:28 ildar-N550JK systemd[1]: Starting Ubuntu system adjustments...
Feb 12 13:33:28 ildar-N550JK systemd[1]: Starting Disk Manager...
Feb 12 13:33:28 ildar-N550JK dbus-daemon[1210]: [system] Activating via systemd: service name='org.freedesktop.PolicyKit1' unit='polkit.service' requested by ':1.2' (uid=0 pid=1201 comm="/usr/lib/accountsservice/accounts-daemon " label="unconfined")
Feb 12 13:33:28 ildar-N550JK systemd[1]: Starting Dispatcher daemon for systemd-networkd...
Feb 12 13:33:28 ildar-N550JK systemd[1]: Starting WPA supplicant...
Feb 12 13:33:28 ildar-N550JK systemd[1]: Starting Detect the available GPUs and deal with any system changes...
Feb 12 13:33:28 ildar-N550JK systemd[1]: Starting Initialize hardware monitoring sensors...
Feb 12 13:33:28 ildar-N550JK systemd[1]: Starting Bluetooth service...
Feb 12 13:33:28 ildar-N550JK systemd[1]: Starting Avahi mDNS/DNS-SD Stack...
Feb 12 13:33:28 ildar-N550JK systemd[1]: Starting LSB: automatic crash report generation...
Feb 12 13:33:28 ildar-N550JK systemd[1]: Starting Modem Manager...
Feb 12 13:33:28 ildar-N550JK systemd[1]: Starting Network Manager...
Feb 12 13:33:28 ildar-N550JK systemd[1]: Started mintsystem.service.
Feb 12 13:33:28 ildar-N550JK systemd[1]: Started Regular background program processing daemon.
Feb 12 13:33:28 ildar-N550JK systemd[1]: Starting Save/Restore Sound Card State...
Feb 12 13:33:28 ildar-N550JK systemd[1]: Starting Thermal Daemon Service...
Feb 12 13:33:28 ildar-N550JK systemd[1]: Starting System Logging Service...
Feb 12 13:33:28 ildar-N550JK udisksd[1309]: udisks daemon version 2.7.6 starting
Feb 12 13:33:28 ildar-N550JK cron[1327]: (CRON) INFO (pidfile fd = 3)
Feb 12 13:33:28 ildar-N550JK systemd[1]: Started CUPS Scheduler.
Feb 12 13:33:28 ildar-N550JK bluetoothd[1317]: Bluetooth daemon 5.48
Feb 12 13:33:28 ildar-N550JK avahi-daemon[1318]: Found user 'avahi' (UID 115) and group 'avahi' (GID 123).
Feb 12 13:33:28 ildar-N550JK avahi-daemon[1318]: Successfully dropped root privileges.
Feb 12 13:33:28 ildar-N550JK bluetoothd[1317]: Starting SDP server
Feb 12 13:33:28 ildar-N550JK wpa_supplicant[1314]: Successfully initialized wpa_supplicant
Feb 12 13:33:28 ildar-N550JK avahi-daemon[1318]: avahi-daemon 0.7 starting up.
Feb 12 13:33:28 ildar-N550JK cron[1327]: (CRON) INFO (Running @reboot jobs)
Feb 12 13:33:28 ildar-N550JK avahi-daemon[1318]: Successfully called chroot().
Feb 12 13:33:28 ildar-N550JK avahi-daemon[1318]: Successfully dropped remaining capabilities.
Feb 12 13:33:28 ildar-N550JK avahi-daemon[1318]: No service file found in /etc/avahi/services.
Feb 12 13:33:28 ildar-N550JK avahi-daemon[1318]: Joining mDNS multicast group on interface lo.IPv6 with address ::1.
Feb 12 13:33:28 ildar-N550JK avahi-daemon[1318]: New relevant interface lo.IPv6 for mDNS.
Feb 12 13:33:28 ildar-N550JK avahi-daemon[1318]: Joining mDNS multicast group on interface lo.IPv4 with address 127.0.0.1.
Feb 12 13:33:28 ildar-N550JK avahi-daemon[1318]: New relevant interface lo.IPv4 for mDNS.
Feb 12 13:33:28 ildar-N550JK avahi-daemon[1318]: Network interface enumeration completed.
Feb 12 13:33:28 ildar-N550JK systemd[1]: Mounted Mount unit for gnome-3-28-1804, revision 161.
Feb 12 13:33:28 ildar-N550JK avahi-daemon[1318]: Registering new address record for ::1 on lo.*.
Feb 12 13:33:28 ildar-N550JK avahi-daemon[1318]: Registering new address record for 127.0.0.1 on lo.IPv4.
Feb 12 13:33:28 ildar-N550JK bluetoothd[1317]: Bluetooth management interface 1.14 initialized
Feb 12 13:33:28 ildar-N550JK dbus-daemon[1210]: [system] Activating via systemd: service name='org.freedesktop.hostname1' unit='dbus-org.freedesktop.hostname1.service' requested by ':1.4' (uid=0 pid=1317 comm="/usr/lib/bluetooth/bluetoothd " label="unconfined")
Feb 12 13:33:28 ildar-N550JK systemd[1]: Mounted Mount unit for core20, revision 1270.
Feb 12 13:33:28 ildar-N550JK systemd[1]: Mounted Mount unit for notepadqq, revision 855.
Feb 12 13:33:28 ildar-N550JK systemd[1]: Mounted Mount unit for lnav, revision 2002.
Feb 12 13:33:28 ildar-N550JK systemd[1]: Mounted Mount unit for micropad, revision 51.
Feb 12 13:33:28 ildar-N550JK systemd[1]: Mounted Mount unit for wine-platform-6-stable, revision 14.
Feb 12 13:33:28 ildar-N550JK systemd[1]: Mounted Mount unit for core, revision 12603.
Feb 12 13:33:28 ildar-N550JK systemd[1]: Mounted Mount unit for wine-platform-5-stable, revision 16.
Feb 12 13:33:28 ildar-N550JK systemd[1]: Mounted Mount unit for gnome-3-28-1804, revision 145.
Feb 12 13:33:28 ildar-N550JK systemd[1]: Started Raise network interfaces.
Feb 12 13:33:28 ildar-N550JK systemd[1]: Started Restore /etc/resolv.conf if the system crashed before the ppp link was shut down.
Feb 12 13:33:28 ildar-N550JK bluetoothd[1317]: Failed to set mode: Blocked through rfkill (0x12)
Feb 12 13:33:28 ildar-N550JK rsyslogd: imuxsock: Acquired UNIX socket '/run/systemd/journal/syslog' (fd 3) from systemd.  [v8.32.0]
Feb 12 13:33:28 ildar-N550JK systemd[1]: Started System Logging Service.
Feb 12 13:33:28 ildar-N550JK rsyslogd: rsyslogd's groupid changed to 106
Feb 12 13:33:28 ildar-N550JK rsyslogd: rsyslogd's userid changed to 102
Feb 12 13:33:28 ildar-N550JK kernel: [    0.000000] microcode: microcode updated early to revision 0x28, date = 2019-11-12
Feb 12 13:33:28 ildar-N550JK kernel: [    0.000000] Linux version 5.4.0-97-generic (buildd@lcy02-amd64-021) (gcc version 7.5.0 (Ubuntu 7.5.0-3ubuntu1~18.04)) #110~18.04.1-Ubuntu SMP Mon Jan 17 20:50:31 UTC 2022 (Ubuntu 5.4.0-97.110~18.04.1-generic 5.4.162)
Feb 12 13:33:28 ildar-N550JK kernel: [    0.000000] Command line: BOOT_IMAGE=/boot/vmlinuz-5.4.0-97-generic root=UUID=fd40f587-6993-4bbb-bf24-71185e67b842 ro quiet splash vt.handoff=1
Feb 12 13:33:28 ildar-N550JK kernel: [    0.000000] KERNEL supported cpus:
Feb 12 13:33:28 ildar-N550JK kernel: [    0.000000]   Intel GenuineIntel
Feb 12 13:33:28 ildar-N550JK kernel: [    0.000000]   AMD AuthenticAMD
Feb 12 13:33:28 ildar-N550JK kernel: [    0.000000]   Hygon HygonGenuine
Feb 12 13:33:28 ildar-N550JK kernel: [    0.000000]   Centaur CentaurHauls
Feb 12 13:33:28 ildar-N550JK kernel: [    0.000000]   zhaoxin   Shanghai  
Feb 12 13:33:28 ildar-N550JK kernel: [    0.000000] x86/fpu: Supporting XSAVE feature 0x001: 'x87 floating point registers'
Feb 12 13:33:28 ildar-N550JK kernel: [    0.000000] x86/fpu: Supporting XSAVE feature 0x002: 'SSE registers'
Feb 12 13:33:28 ildar-N550JK kernel: [    0.000000] x86/fpu: Supporting XSAVE feature 0x004: 'AVX registers'
Feb 12 13:33:28 ildar-N550JK kernel: [    0.000000] x86/fpu: xstate_offset[2]:  576, xstate_sizes[2]:  256
Feb 12 13:33:28 ildar-N550JK kernel: [    0.000000] x86/fpu: Enabled xstate features 0x7, context size is 832 bytes, using 'standard' format.
Feb 12 13:33:28 ildar-N550JK kernel: [    0.000000] BIOS-provided physical RAM map:
Feb 12 13:33:28 ildar-N550JK kernel: [    0.000000] BIOS-e820: [mem 0x0000000000000000-0x0000000000057fff] usable
Feb 12 13:33:28 ildar-N550JK kernel: [    0.000000] BIOS-e820: [mem 0x0000000000058000-0x0000000000058fff] reserved
Feb 12 13:33:28 ildar-N550JK kernel: [    0.000000] BIOS-e820: [mem 0x0000000000059000-0x000000000009dfff] usable
Feb 12 13:33:28 ildar-N550JK kernel: [    0.000000] BIOS-e820: [mem 0x000000000009e000-0x000000000009ffff] reserved
Feb 12 13:33:28 ildar-N550JK kernel: [    0.000000] BIOS-e820: [mem 0x0000000000100000-0x00000000c56e7fff] usable
Feb 12 13:33:28 ildar-N550JK kernel: [    0.000000] BIOS-e820: [mem 0x00000000c56e8000-0x00000000c56eefff] ACPI NVS
Feb 12 13:33:28 ildar-N550JK kernel: [    0.000000] BIOS-e820: [mem 0x00000000c56ef000-0x00000000c5f59fff] usable
Feb 12 13:33:28 ildar-N550JK kernel: [    0.000000] BIOS-e820: [mem 0x00000000c5f5a000-0x00000000c61e5fff] reserved
Feb 12 13:33:28 ildar-N550JK kernel: [    0.000000] BIOS-e820: [mem 0x00000000c61e6000-0x00000000c98f2fff] usable
Feb 12 13:33:28 ildar-N550JK kernel: [    0.000000] BIOS-e820: [mem 0x00000000c98f3000-0x00000000c9af6fff] reserved
Feb 12 13:33:28 ildar-N550JK kernel: [    0.000000] BIOS-e820: [mem 0x00000000c9af7000-0x00000000c9e1bfff] usable
Feb 12 13:33:28 ildar-N550JK kernel: [    0.000000] BIOS-e820: [mem 0x00000000c9e1c000-0x00000000cab1efff] ACPI NVS
Feb 12 13:33:28 ildar-N550JK kernel: [    0.000000] BIOS-e820: [mem 0x00000000cab1f000-0x00000000caffefff] reserved
Feb 12 13:33:28 ildar-N550JK kernel: [    0.000000] BIOS-e820: [mem 0x00000000cafff000-0x00000000caffffff] usable
Feb 12 13:33:28 ildar-N550JK kernel: [    0.000000] BIOS-e820: [mem 0x00000000cbc00000-0x00000000cfdfffff] reserved
Feb 12 13:33:28 ildar-N550JK kernel: [    0.000000] BIOS-e820: [mem 0x00000000f8000000-0x00000000fbffffff] reserved
Feb 12 13:33:28 ildar-N550JK kernel: [    0.000000] BIOS-e820: [mem 0x00000000fec00000-0x00000000fec00fff] reserved
Feb 12 13:33:28 ildar-N550JK kernel: [    0.000000] BIOS-e820: [mem 0x00000000fed00000-0x00000000fed03fff] reserved
Feb 12 13:33:28 ildar-N550JK kernel: [    0.000000] BIOS-e820: [mem 0x00000000fed1c000-0x00000000fed1ffff] reserved
Feb 12 13:33:28 ildar-N550JK kernel: [    0.000000] BIOS-e820: [mem 0x00000000fee00000-0x00000000fee00fff] reserved
Feb 12 13:33:28 ildar-N550JK kernel: [    0.000000] BIOS-e820: [mem 0x00000000ff000000-0x00000000ffffffff] reserved
Feb 12 13:33:28 ildar-N550JK kernel: [    0.000000] BIOS-e820: [mem 0x0000000100000000-0x000000022f1fffff] usable
Feb 12 13:33:28 ildar-N550JK kernel: [    0.000000] NX (Execute Disable) protection: active
Feb 12 13:33:28 ildar-N550JK kernel: [    0.000000] e820: update [mem 0xc52b6018-0xc52cf057] usable ==> usable
Feb 12 13:33:28 ildar-N550JK kernel: [    0.000000] e820: update [mem 0xc52b6018-0xc52cf057] usable ==> usable
Feb 12 13:33:28 ildar-N550JK kernel: [    0.000000] extended physical RAM map:
Feb 12 13:33:28 ildar-N550JK kernel: [    0.000000] reserve setup_data: [mem 0x0000000000000000-0x0000000000057fff] usable
Feb 12 13:33:28 ildar-N550JK kernel: [    0.000000] reserve setup_data: [mem 0x0000000000058000-0x0000000000058fff] reserved
Feb 12 13:33:28 ildar-N550JK kernel: [    0.000000] reserve setup_data: [mem 0x0000000000059000-0x000000000009dfff] usable
Feb 12 13:33:28 ildar-N550JK kernel: [    0.000000] reserve setup_data: [mem 0x000000000009e000-0x000000000009ffff] reserved
Feb 12 13:33:28 ildar-N550JK kernel: [    0.000000] reserve setup_data: [mem 0x0000000000100000-0x00000000c52b6017] usable
Feb 12 13:33:28 ildar-N550JK kernel: [    0.000000] reserve setup_data: [mem 0x00000000c52b6018-0x00000000c52cf057] usable
Feb 12 13:33:28 ildar-N550JK kernel: [    0.000000] reserve setup_data: [mem 0x00000000c52cf058-0x00000000c56e7fff] usable
Feb 12 13:33:28 ildar-N550JK kernel: [    0.000000] reserve setup_data: [mem 0x00000000c56e8000-0x00000000c56eefff] ACPI NVS
Feb 12 13:33:28 ildar-N550JK kernel: [    0.000000] reserve setup_data: [mem 0x00000000c56ef000-0x00000000c5f59fff] usable
Feb 12 13:33:28 ildar-N550JK kernel: [    0.000000] reserve setup_data: [mem 0x00000000c5f5a000-0x00000000c61e5fff] reserved
Feb 12 13:33:28 ildar-N550JK kernel: [    0.000000] reserve setup_data: [mem 0x00000000c61e6000-0x00000000c98f2fff] usable
Feb 12 13:33:28 ildar-N550JK kernel: [    0.000000] reserve setup_data: [mem 0x00000000c98f3000-0x00000000c9af6fff] reserved
Feb 12 13:33:28 ildar-N550JK kernel: [    0.000000] reserve setup_data: [mem 0x00000000c9af7000-0x00000000c9e1bfff] usable
Feb 12 13:33:28 ildar-N550JK kernel: [    0.000000] reserve setup_data: [mem 0x00000000c9e1c000-0x00000000cab1efff] ACPI NVS
Feb 12 13:33:28 ildar-N550JK kernel: [    0.000000] reserve setup_data: [mem 0x00000000cab1f000-0x00000000caffefff] reserved
Feb 12 13:33:28 ildar-N550JK kernel: [    0.000000] reserve setup_data: [mem 0x00000000cafff000-0x00000000caffffff] usable
Feb 12 13:33:28 ildar-N550JK kernel: [    0.000000] reserve setup_data: [mem 0x00000000cbc00000-0x00000000cfdfffff] reserved
Feb 12 13:33:28 ildar-N550JK kernel: [    0.000000] reserve setup_data: [mem 0x00000000f8000000-0x00000000fbffffff] reserved
Feb 12 13:33:28 ildar-N550JK kernel: [    0.000000] reserve setup_data: [mem 0x00000000fec00000-0x00000000fec00fff] reserved
Feb 12 13:33:28 ildar-N550JK kernel: [    0.000000] reserve setup_data: [mem 0x00000000fed00000-0x00000000fed03fff] reserved
Feb 12 13:33:28 ildar-N550JK kernel: [    0.000000] reserve setup_data: [mem 0x00000000fed1c000-0x00000000fed1ffff] reserved
Feb 12 13:33:28 ildar-N550JK kernel: [    0.000000] reserve setup_data: [mem 0x00000000fee00000-0x00000000fee00fff] reserved
Feb 12 13:33:28 ildar-N550JK kernel: [    0.000000] reserve setup_data: [mem 0x00000000ff000000-0x00000000ffffffff] reserved
Feb 12 13:33:28 ildar-N550JK kernel: [    0.000000] reserve setup_data: [mem 0x0000000100000000-0x000000022f1fffff] usable
Feb 12 13:33:28 ildar-N550JK kernel: [    0.000000] efi: EFI v2.31 by American Megatrends
Feb 12 13:33:28 ildar-N550JK kernel: [    0.000000] efi:  ACPI 2.0=0xc9ea4000  ACPI=0xc9ea4000  SMBIOS=0xcaf57418  MOKvar=0xc74ec000 
Feb 12 13:33:28 ildar-N550JK kernel: [    0.000000] secureboot: Secure boot disabled
Feb 12 13:33:28 ildar-N550JK kernel: [    0.000000] SMBIOS 2.7 present.
Feb 12 13:33:28 ildar-N550JK kernel: [    0.000000] DMI: ASUSTeK COMPUTER INC. N550JK/N550JK, BIOS N550JK.208 09/26/2014
Feb 12 13:33:28 ildar-N550JK kernel: [    0.000000] tsc: Fast TSC calibration using PIT
Feb 12 13:33:28 ildar-N550JK kernel: [    0.000000] tsc: Detected 2494.291 MHz processor
Feb 12 13:33:28 ildar-N550JK kernel: [    0.000071] e820: update [mem 0x00000000-0x00000fff] usable ==> reserved
Feb 12 13:33:28 ildar-N550JK kernel: [    0.000072] e820: remove [mem 0x000a0000-0x000fffff] usable
Feb 12 13:33:28 ildar-N550JK kernel: [    0.000077] last_pfn = 0x22f200 max_arch_pfn = 0x400000000
Feb 12 13:33:28 ildar-N550JK kernel: [    0.000080] MTRR default type: uncachable
Feb 12 13:33:28 ildar-N550JK kernel: [    0.000081] MTRR fixed ranges enabled:
Feb 12 13:33:28 ildar-N550JK kernel: [    0.000081]   00000-9FFFF write-back
Feb 12 13:33:28 ildar-N550JK kernel: [    0.000082]   A0000-DFFFF uncachable
Feb 12 13:33:28 ildar-N550JK kernel: [    0.000083]   E0000-FFFFF write-protect
Feb 12 13:33:28 ildar-N550JK kernel: [    0.000083] MTRR variable ranges enabled:
Feb 12 13:33:28 ildar-N550JK kernel: [    0.000084]   0 base 0000000000 mask 7E00000000 write-back
Feb 12 13:33:28 ildar-N550JK kernel: [    0.000085]   1 base 0200000000 mask 7FE0000000 write-back
Feb 12 13:33:28 ildar-N550JK kernel: [    0.000086]   2 base 0220000000 mask 7FF0000000 write-back
Feb 12 13:33:28 ildar-N550JK kernel: [    0.000086]   3 base 00E0000000 mask 7FE0000000 uncachable
Feb 12 13:33:28 ildar-N550JK kernel: [    0.000087]   4 base 00D0000000 mask 7FF0000000 uncachable
Feb 12 13:33:28 ildar-N550JK kernel: [    0.000087]   5 base 00CC000000 mask 7FFC000000 uncachable
Feb 12 13:33:28 ildar-N550JK kernel: [    0.000088]   6 base 00CBC00000 mask 7FFFC00000 uncachable
Feb 12 13:33:28 ildar-N550JK kernel: [    0.000088]   7 base 022F800000 mask 7FFF800000 uncachable
Feb 12 13:33:28 ildar-N550JK kernel: [    0.000089]   8 base 022F400000 mask 7FFFC00000 uncachable
Feb 12 13:33:28 ildar-N550JK kernel: [    0.000089]   9 base 022F200000 mask 7FFFE00000 uncachable
Feb 12 13:33:28 ildar-N550JK kernel: [    0.000366] x86/PAT: Configuration [0-7]: WB  WC  UC- UC  WB  WP  UC- WT  
Feb 12 13:33:28 ildar-N550JK kernel: [    0.000496] total RAM covered: 8110M
Feb 12 13:33:28 ildar-N550JK kernel: [    0.000631]  gran_size: 64K 	chunk_size: 64K 	num_reg: 10  	lose cover RAM: 114M
Feb 12 13:33:28 ildar-N550JK kernel: [    0.000632]  gran_size: 64K 	chunk_size: 128K 	num_reg: 10  	lose cover RAM: 114M
Feb 12 13:33:28 ildar-N550JK kernel: [    0.000633]  gran_size: 64K 	chunk_size: 256K 	num_reg: 10  	lose cover RAM: 114M
Feb 12 13:33:28 ildar-N550JK kernel: [    0.000633]  gran_size: 64K 	chunk_size: 512K 	num_reg: 10  	lose cover RAM: 114M
Feb 12 13:33:28 ildar-N550JK kernel: [    0.000634]  gran_size: 64K 	chunk_size: 1M 	num_reg: 10  	lose cover RAM: 114M
Feb 12 13:33:28 ildar-N550JK kernel: [    0.000634]  gran_size: 64K 	chunk_size: 2M 	num_reg: 10  	lose cover RAM: 114M
Feb 12 13:33:28 ildar-N550JK kernel: [    0.000635]  gran_size: 64K 	chunk_size: 4M 	num_reg: 10  	lose cover RAM: 114M
Feb 12 13:33:28 ildar-N550JK kernel: [    0.000636]  gran_size: 64K 	chunk_size: 8M 	num_reg: 10  	lose cover RAM: 18M
Feb 12 13:33:28 ildar-N550JK kernel: [    0.000636] *BAD*gran_size: 64K 	chunk_size: 16M 	num_reg: 10  	lose cover RAM: -8M
Feb 12 13:33:28 ildar-N550JK kernel: [    0.000637] *BAD*gran_size: 64K 	chunk_size: 32M 	num_reg: 10  	lose cover RAM: -8M
Feb 12 13:33:28 ildar-N550JK kernel: [    0.000638] *BAD*gran_size: 64K 	chunk_size: 64M 	num_reg: 10  	lose cover RAM: -8M
Feb 12 13:33:28 ildar-N550JK kernel: [    0.000638] *BAD*gran_size: 64K 	chunk_size: 128M 	num_reg: 10  	lose cover RAM: -8M
Feb 12 13:33:28 ildar-N550JK kernel: [    0.000639] *BAD*gran_size: 64K 	chunk_size: 256M 	num_reg: 10  	lose cover RAM: -8M
Feb 12 13:33:28 ildar-N550JK kernel: [    0.000640] *BAD*gran_size: 64K 	chunk_size: 512M 	num_reg: 10  	lose cover RAM: -264M
Feb 12 13:33:28 ildar-N550JK kernel: [    0.000640] *BAD*gran_size: 64K 	chunk_size: 1G 	num_reg: 10  	lose cover RAM: -256M
Feb 12 13:33:28 ildar-N550JK kernel: [    0.000641] *BAD*gran_size: 64K 	chunk_size: 2G 	num_reg: 10  	lose cover RAM: -1280M
Feb 12 13:33:28 ildar-N550JK kernel: [    0.000642]  gran_size: 128K 	chunk_size: 128K 	num_reg: 10  	lose cover RAM: 114M
Feb 12 13:33:28 ildar-N550JK kernel: [    0.000642]  gran_size: 128K 	chunk_size: 256K 	num_reg: 10  	lose cover RAM: 114M
Feb 12 13:33:28 ildar-N550JK kernel: [    0.000643]  gran_size: 128K 	chunk_size: 512K 	num_reg: 10  	lose cover RAM: 114M
Feb 12 13:33:28 ildar-N550JK kernel: [    0.000644]  gran_size: 128K 	chunk_size: 1M 	num_reg: 10  	lose cover RAM: 114M
Feb 12 13:33:28 ildar-N550JK kernel: [    0.000644]  gran_size: 128K 	chunk_size: 2M 	num_reg: 10  	lose cover RAM: 114M
Feb 12 13:33:28 ildar-N550JK kernel: [    0.000645]  gran_size: 128K 	chunk_size: 4M 	num_reg: 10  	lose cover RAM: 114M
Feb 12 13:33:28 ildar-N550JK kernel: [    0.000645]  gran_size: 128K 	chunk_size: 8M 	num_reg: 10  	lose cover RAM: 18M
Feb 12 13:33:28 ildar-N550JK kernel: [    0.000646] *BAD*gran_size: 128K 	chunk_size: 16M 	num_reg: 10  	lose cover RAM: -8M
Feb 12 13:33:28 ildar-N550JK kernel: [    0.000647] *BAD*gran_size: 128K 	chunk_size: 32M 	num_reg: 10  	lose cover RAM: -8M
Feb 12 13:33:28 ildar-N550JK kernel: [    0.000647] *BAD*gran_size: 128K 	chunk_size: 64M 	num_reg: 10  	lose cover RAM: -8M
Feb 12 13:33:28 ildar-N550JK kernel: [    0.000648] *BAD*gran_size: 128K 	chunk_size: 128M 	num_reg: 10  	lose cover RAM: -8M
Feb 12 13:33:28 ildar-N550JK kernel: [    0.000649] *BAD*gran_size: 128K 	chunk_size: 256M 	num_reg: 10  	lose cover RAM: -8M
Feb 12 13:33:28 ildar-N550JK kernel: [    0.000649] *BAD*gran_size: 128K 	chunk_size: 512M 	num_reg: 10  	lose cover RAM: -264M
Feb 12 13:33:28 ildar-N550JK kernel: [    0.000650] *BAD*gran_size: 128K 	chunk_size: 1G 	num_reg: 10  	lose cover RAM: -256M
Feb 12 13:33:28 ildar-N550JK kernel: [    0.000651] *BAD*gran_size: 128K 	chunk_size: 2G 	num_reg: 10  	lose cover RAM: -1280M
Feb 12 13:33:28 ildar-N550JK kernel: [    0.000651]  gran_size: 256K 	chunk_size: 256K 	num_reg: 10  	lose cover RAM: 114M
Feb 12 13:33:28 ildar-N550JK kernel: [    0.000652]  gran_size: 256K 	chunk_size: 512K 	num_reg: 10  	lose cover RAM: 114M
Feb 12 13:33:28 ildar-N550JK kernel: [    0.000653]  gran_size: 256K 	chunk_size: 1M 	num_reg: 10  	lose cover RAM: 114M
Feb 12 13:33:28 ildar-N550JK kernel: [    0.000653]  gran_size: 256K 	chunk_size: 2M 	num_reg: 10  	lose cover RAM: 114M
Feb 12 13:33:28 ildar-N550JK kernel: [    0.000654]  gran_size: 256K 	chunk_size: 4M 	num_reg: 10  	lose cover RAM: 114M
Feb 12 13:33:28 ildar-N550JK kernel: [    0.000654]  gran_size: 256K 	chunk_size: 8M 	num_reg: 10  	lose cover RAM: 18M
Feb 12 13:33:28 ildar-N550JK kernel: [    0.000655] *BAD*gran_size: 256K 	chunk_size: 16M 	num_reg: 10  	lose cover RAM: -8M
Feb 12 13:33:28 ildar-N550JK kernel: [    0.000656] *BAD*gran_size: 256K 	chunk_size: 32M 	num_reg: 10  	lose cover RAM: -8M
Feb 12 13:33:28 ildar-N550JK kernel: [    0.000656] *BAD*gran_size: 256K 	chunk_size: 64M 	num_reg: 10  	lose cover RAM: -8M
Feb 12 13:33:28 ildar-N550JK kernel: [    0.000657] *BAD*gran_size: 256K 	chunk_size: 128M 	num_reg: 10  	lose cover RAM: -8M
Feb 12 13:33:28 ildar-N550JK kernel: [    0.000657] *BAD*gran_size: 256K 	chunk_size: 256M 	num_reg: 10  	lose cover RAM: -8M
Feb 12 13:33:28 ildar-N550JK kernel: [    0.000658] *BAD*gran_size: 256K 	chunk_size: 512M 	num_reg: 10  	lose cover RAM: -264M
Feb 12 13:33:28 ildar-N550JK kernel: [    0.000659] *BAD*gran_size: 256K 	chunk_size: 1G 	num_reg: 10  	lose cover RAM: -256M
Feb 12 13:33:28 ildar-N550JK kernel: [    0.000659] *BAD*gran_size: 256K 	chunk_size: 2G 	num_reg: 10  	lose cover RAM: -1280M
Feb 12 13:33:28 ildar-N550JK kernel: [    0.000660]  gran_size: 512K 	chunk_size: 512K 	num_reg: 10  	lose cover RAM: 114M
Feb 12 13:33:28 ildar-N550JK kernel: [    0.000661]  gran_size: 512K 	chunk_size: 1M 	num_reg: 10  	lose cover RAM: 114M
Feb 12 13:33:28 ildar-N550JK kernel: [    0.000661]  gran_size: 512K 	chunk_size: 2M 	num_reg: 10  	lose cover RAM: 114M
Feb 12 13:33:28 ildar-N550JK kernel: [    0.000662]  gran_size: 512K 	chunk_size: 4M 	num_reg: 10  	lose cover RAM: 114M
Feb 12 13:33:28 ildar-N550JK kernel: [    0.000662]  gran_size: 512K 	chunk_size: 8M 	num_reg: 10  	lose cover RAM: 18M
Feb 12 13:33:28 ildar-N550JK kernel: [    0.000663] *BAD*gran_size: 512K 	chunk_size: 16M 	num_reg: 10  	lose cover RAM: -8M
Feb 12 13:33:28 ildar-N550JK kernel: [    0.000664] *BAD*gran_size: 512K 	chunk_size: 32M 	num_reg: 10  	lose cover RAM: -8M
Feb 12 13:33:28 ildar-N550JK kernel: [    0.000664] *BAD*gran_size: 512K 	chunk_size: 64M 	num_reg: 10  	lose cover RAM: -8M
Feb 12 13:33:28 ildar-N550JK kernel: [    0.000665] *BAD*gran_size: 512K 	chunk_size: 128M 	num_reg: 10  	lose cover RAM: -8M
Feb 12 13:33:28 ildar-N550JK kernel: [    0.000666] *BAD*gran_size: 512K 	chunk_size: 256M 	num_reg: 10  	lose cover RAM: -8M
Feb 12 13:33:28 ildar-N550JK kernel: [    0.000666] *BAD*gran_size: 512K 	chunk_size: 512M 	num_reg: 10  	lose cover RAM: -264M
Feb 12 13:33:28 ildar-N550JK kernel: [    0.000667] *BAD*gran_size: 512K 	chunk_size: 1G 	num_reg: 10  	lose cover RAM: -256M
Feb 12 13:33:28 ildar-N550JK kernel: [    0.000667] *BAD*gran_size: 512K 	chunk_size: 2G 	num_reg: 10  	lose cover RAM: -1280M
Feb 12 13:33:28 ildar-N550JK kernel: [    0.000668]  gran_size: 1M 	chunk_size: 1M 	num_reg: 10  	lose cover RAM: 114M
Feb 12 13:33:28 ildar-N550JK kernel: [    0.000669]  gran_size: 1M 	chunk_size: 2M 	num_reg: 10  	lose cover RAM: 114M
Feb 12 13:33:28 ildar-N550JK kernel: [    0.000669]  gran_size: 1M 	chunk_size: 4M 	num_reg: 10  	lose cover RAM: 114M
Feb 12 13:33:28 ildar-N550JK kernel: [    0.000670]  gran_size: 1M 	chunk_size: 8M 	num_reg: 10  	lose cover RAM: 18M
Feb 12 13:33:28 ildar-N550JK kernel: [    0.000671] *BAD*gran_size: 1M 	chunk_size: 16M 	num_reg: 10  	lose cover RAM: -8M
Feb 12 13:33:28 ildar-N550JK kernel: [    0.000671] *BAD*gran_size: 1M 	chunk_size: 32M 	num_reg: 10  	lose cover RAM: -8M
Feb 12 13:33:28 ildar-N550JK kernel: [    0.000672] *BAD*gran_size: 1M 	chunk_size: 64M 	num_reg: 10  	lose cover RAM: -8M
Feb 12 13:33:28 ildar-N550JK kernel: [    0.000673] *BAD*gran_size: 1M 	chunk_size: 128M 	num_reg: 10  	lose cover RAM: -8M
Feb 12 13:33:28 ildar-N550JK kernel: [    0.000673] *BAD*gran_size: 1M 	chunk_size: 256M 	num_reg: 10  	lose cover RAM: -8M
Feb 12 13:33:28 ildar-N550JK kernel: [    0.000674] *BAD*gran_size: 1M 	chunk_size: 512M 	num_reg: 10  	lose cover RAM: -264M
Feb 12 13:33:28 ildar-N550JK kernel: [    0.000674] *BAD*gran_size: 1M 	chunk_size: 1G 	num_reg: 10  	lose cover RAM: -256M
Feb 12 13:33:28 ildar-N550JK kernel: [    0.000675] *BAD*gran_size: 1M 	chunk_size: 2G 	num_reg: 10  	lose cover RAM: -1280M
Feb 12 13:33:28 ildar-N550JK kernel: [    0.000676]  gran_size: 2M 	chunk_size: 2M 	num_reg: 10  	lose cover RAM: 114M
Feb 12 13:33:28 ildar-N550JK kernel: [    0.000676]  gran_size: 2M 	chunk_size: 4M 	num_reg: 10  	lose cover RAM: 114M
Feb 12 13:33:28 ildar-N550JK kernel: [    0.000677]  gran_size: 2M 	chunk_size: 8M 	num_reg: 10  	lose cover RAM: 18M
Feb 12 13:33:28 ildar-N550JK kernel: [    0.000678] *BAD*gran_size: 2M 	chunk_size: 16M 	num_reg: 10  	lose cover RAM: -8M
Feb 12 13:33:28 ildar-N550JK kernel: [    0.000678] *BAD*gran_size: 2M 	chunk_size: 32M 	num_reg: 10  	lose cover RAM: -8M
Feb 12 13:33:28 ildar-N550JK kernel: [    0.000679] *BAD*gran_size: 2M 	chunk_size: 64M 	num_reg: 10  	lose cover RAM: -8M
Feb 12 13:33:28 ildar-N550JK kernel: [    0.000679] *BAD*gran_size: 2M 	chunk_size: 128M 	num_reg: 10  	lose cover RAM: -8M
Feb 12 13:33:28 ildar-N550JK kernel: [    0.000680] *BAD*gran_size: 2M 	chunk_size: 256M 	num_reg: 10  	lose cover RAM: -8M
Feb 12 13:33:28 ildar-N550JK kernel: [    0.000681] *BAD*gran_size: 2M 	chunk_size: 512M 	num_reg: 10  	lose cover RAM: -264M
Feb 12 13:33:28 ildar-N550JK kernel: [    0.000681] *BAD*gran_size: 2M 	chunk_size: 1G 	num_reg: 10  	lose cover RAM: -256M
Feb 12 13:33:28 ildar-N550JK kernel: [    0.000682] *BAD*gran_size: 2M 	chunk_size: 2G 	num_reg: 10  	lose cover RAM: -1280M
Feb 12 13:33:28 ildar-N550JK kernel: [    0.000682]  gran_size: 4M 	chunk_size: 4M 	num_reg: 10  	lose cover RAM: 114M
Feb 12 13:33:28 ildar-N550JK kernel: [    0.000683]  gran_size: 4M 	chunk_size: 8M 	num_reg: 10  	lose cover RAM: 18M
Feb 12 13:33:28 ildar-N550JK kernel: [    0.000684]  gran_size: 4M 	chunk_size: 16M 	num_reg: 10  	lose cover RAM: 18M
Feb 12 13:33:28 ildar-N550JK kernel: [    0.000684]  gran_size: 4M 	chunk_size: 32M 	num_reg: 9  	lose cover RAM: 2M
Feb 12 13:33:28 ildar-N550JK kernel: [    0.000685]  gran_size: 4M 	chunk_size: 64M 	num_reg: 9  	lose cover RAM: 2M
Feb 12 13:33:28 ildar-N550JK kernel: [    0.000686]  gran_size: 4M 	chunk_size: 128M 	num_reg: 9  	lose cover RAM: 2M
Feb 12 13:33:28 ildar-N550JK kernel: [    0.000686]  gran_size: 4M 	chunk_size: 256M 	num_reg: 9  	lose cover RAM: 2M
Feb 12 13:33:28 ildar-N550JK kernel: [    0.000687]  gran_size: 4M 	chunk_size: 512M 	num_reg: 10  	lose cover RAM: 2M
Feb 12 13:33:28 ildar-N550JK kernel: [    0.000688]  gran_size: 4M 	chunk_size: 1G 	num_reg: 9  	lose cover RAM: 2M
Feb 12 13:33:28 ildar-N550JK kernel: [    0.000688]  gran_size: 4M 	chunk_size: 2G 	num_reg: 10  	lose cover RAM: 2M
Feb 12 13:33:28 ildar-N550JK kernel: [    0.000689]  gran_size: 8M 	chunk_size: 8M 	num_reg: 10  	lose cover RAM: 54M
Feb 12 13:33:28 ildar-N550JK kernel: [    0.000689]  gran_size: 8M 	chunk_size: 16M 	num_reg: 10  	lose cover RAM: 22M
Feb 12 13:33:28 ildar-N550JK kernel: [    0.000690]  gran_size: 8M 	chunk_size: 32M 	num_reg: 9  	lose cover RAM: 6M
Feb 12 13:33:28 ildar-N550JK kernel: [    0.000691]  gran_size: 8M 	chunk_size: 64M 	num_reg: 9  	lose cover RAM: 6M
Feb 12 13:33:28 ildar-N550JK kernel: [    0.000691]  gran_size: 8M 	chunk_size: 128M 	num_reg: 9  	lose cover RAM: 6M
Feb 12 13:33:28 ildar-N550JK kernel: [    0.000692]  gran_size: 8M 	chunk_size: 256M 	num_reg: 9  	lose cover RAM: 6M
Feb 12 13:33:28 ildar-N550JK kernel: [    0.000692]  gran_size: 8M 	chunk_size: 512M 	num_reg: 10  	lose cover RAM: 6M
Feb 12 13:33:28 ildar-N550JK kernel: [    0.000693]  gran_size: 8M 	chunk_size: 1G 	num_reg: 9  	lose cover RAM: 6M
Feb 12 13:33:28 ildar-N550JK kernel: [    0.000694]  gran_size: 8M 	chunk_size: 2G 	num_reg: 10  	lose cover RAM: 6M
Feb 12 13:33:28 ildar-N550JK kernel: [    0.000694]  gran_size: 16M 	chunk_size: 16M 	num_reg: 10  	lose cover RAM: 30M
Feb 12 13:33:28 ildar-N550JK kernel: [    0.000695]  gran_size: 16M 	chunk_size: 32M 	num_reg: 9  	lose cover RAM: 14M
Feb 12 13:33:28 ildar-N550JK kernel: [    0.000696]  gran_size: 16M 	chunk_size: 64M 	num_reg: 9  	lose cover RAM: 14M
Feb 12 13:33:28 ildar-N550JK kernel: [    0.000696]  gran_size: 16M 	chunk_size: 128M 	num_reg: 9  	lose cover RAM: 14M
Feb 12 13:33:28 ildar-N550JK kernel: [    0.000697]  gran_size: 16M 	chunk_size: 256M 	num_reg: 9  	lose cover RAM: 14M
Feb 12 13:33:28 ildar-N550JK kernel: [    0.000698]  gran_size: 16M 	chunk_size: 512M 	num_reg: 10  	lose cover RAM: 14M
Feb 12 13:33:28 ildar-N550JK kernel: [    0.000698]  gran_size: 16M 	chunk_size: 1G 	num_reg: 9  	lose cover RAM: 14M
Feb 12 13:33:28 ildar-N550JK kernel: [    0.000699]  gran_size: 16M 	chunk_size: 2G 	num_reg: 10  	lose cover RAM: 14M
Feb 12 13:33:28 ildar-N550JK kernel: [    0.000699]  gran_size: 32M 	chunk_size: 32M 	num_reg: 9  	lose cover RAM: 46M
Feb 12 13:33:28 ildar-N550JK kernel: [    0.000700]  gran_size: 32M 	chunk_size: 64M 	num_reg: 9  	lose cover RAM: 46M
Feb 12 13:33:28 ildar-N550JK kernel: [    0.000701]  gran_size: 32M 	chunk_size: 128M 	num_reg: 9  	lose cover RAM: 46M
Feb 12 13:33:28 ildar-N550JK kernel: [    0.000701]  gran_size: 32M 	chunk_size: 256M 	num_reg: 9  	lose cover RAM: 46M
Feb 12 13:33:28 ildar-N550JK kernel: [    0.000702]  gran_size: 32M 	chunk_size: 512M 	num_reg: 10  	lose cover RAM: 46M
Feb 12 13:33:28 ildar-N550JK rsyslogd:  [origin software="rsyslogd" swVersion="8.32.0" x-pid="1331" x-info="http://www.rsyslog.com"] start
Feb 12 13:33:28 ildar-N550JK kernel: [    0.000703]  gran_size: 32M 	chunk_size: 1G 	num_reg: 9  	lose cover RAM: 46M
Feb 12 13:33:28 ildar-N550JK kernel: [    0.000703]  gran_size: 32M 	chunk_size: 2G 	num_reg: 10  	lose cover RAM: 46M
Feb 12 13:33:28 ildar-N550JK kernel: [    0.000704]  gran_size: 64M 	chunk_size: 64M 	num_reg: 7  	lose cover RAM: 110M
Feb 12 13:33:28 ildar-N550JK kernel: [    0.000704]  gran_size: 64M 	chunk_size: 128M 	num_reg: 7  	lose cover RAM: 110M
Feb 12 13:33:28 ildar-N550JK kernel: [    0.000705]  gran_size: 64M 	chunk_size: 256M 	num_reg: 8  	lose cover RAM: 110M
Feb 12 13:33:28 ildar-N550JK kernel: [    0.000706]  gran_size: 64M 	chunk_size: 512M 	num_reg: 9  	lose cover RAM: 110M
Feb 12 13:33:28 ildar-N550JK kernel: [    0.000706]  gran_size: 64M 	chunk_size: 1G 	num_reg: 8  	lose cover RAM: 110M
Feb 12 13:33:28 ildar-N550JK kernel: [    0.000707]  gran_size: 64M 	chunk_size: 2G 	num_reg: 9  	lose cover RAM: 110M
Feb 12 13:33:28 ildar-N550JK kernel: [    0.000707]  gran_size: 128M 	chunk_size: 128M 	num_reg: 6  	lose cover RAM: 174M
Feb 12 13:33:28 ildar-N550JK kernel: [    0.000708]  gran_size: 128M 	chunk_size: 256M 	num_reg: 8  	lose cover RAM: 174M
Feb 12 13:33:28 ildar-N550JK kernel: [    0.000709]  gran_size: 128M 	chunk_size: 512M 	num_reg: 9  	lose cover RAM: 174M
Feb 12 13:33:28 ildar-N550JK kernel: [    0.000709]  gran_size: 128M 	chunk_size: 1G 	num_reg: 8  	lose cover RAM: 174M
Feb 12 13:33:28 ildar-N550JK kernel: [    0.000710]  gran_size: 128M 	chunk_size: 2G 	num_reg: 9  	lose cover RAM: 174M
Feb 12 13:33:28 ildar-N550JK kernel: [    0.000711]  gran_size: 256M 	chunk_size: 256M 	num_reg: 4  	lose cover RAM: 430M
Feb 12 13:33:28 ildar-N550JK kernel: [    0.000711]  gran_size: 256M 	chunk_size: 512M 	num_reg: 4  	lose cover RAM: 430M
Feb 12 13:33:28 ildar-N550JK kernel: [    0.000712]  gran_size: 256M 	chunk_size: 1G 	num_reg: 5  	lose cover RAM: 430M
Feb 12 13:33:28 ildar-N550JK kernel: [    0.000712]  gran_size: 256M 	chunk_size: 2G 	num_reg: 6  	lose cover RAM: 430M
Feb 12 13:33:28 ildar-N550JK kernel: [    0.000713]  gran_size: 512M 	chunk_size: 512M 	num_reg: 4  	lose cover RAM: 430M
Feb 12 13:33:28 ildar-N550JK kernel: [    0.000714]  gran_size: 512M 	chunk_size: 1G 	num_reg: 5  	lose cover RAM: 430M
Feb 12 13:33:28 ildar-N550JK kernel: [    0.000714]  gran_size: 512M 	chunk_size: 2G 	num_reg: 6  	lose cover RAM: 430M
Feb 12 13:33:28 ildar-N550JK kernel: [    0.000715]  gran_size: 1G 	chunk_size: 1G 	num_reg: 3  	lose cover RAM: 942M
Feb 12 13:33:28 ildar-N550JK kernel: [    0.000715]  gran_size: 1G 	chunk_size: 2G 	num_reg: 3  	lose cover RAM: 942M
Feb 12 13:33:28 ildar-N550JK kernel: [    0.000716]  gran_size: 2G 	chunk_size: 2G 	num_reg: 2  	lose cover RAM: 1966M
Feb 12 13:33:28 ildar-N550JK kernel: [    0.000717] mtrr_cleanup: can not find optimal value
Feb 12 13:33:28 ildar-N550JK kernel: [    0.000717] please specify mtrr_gran_size/mtrr_chunk_size
Feb 12 13:33:28 ildar-N550JK kernel: [    0.000720] e820: update [mem 0xcbc00000-0xffffffff] usable ==> reserved
Feb 12 13:33:28 ildar-N550JK kernel: [    0.000723] last_pfn = 0xcb000 max_arch_pfn = 0x400000000
Feb 12 13:33:28 ildar-N550JK kernel: [    0.007047] e820: update [mem 0xc74ec000-0xc74ecfff] usable ==> reserved
Feb 12 13:33:28 ildar-N550JK kernel: [    0.007058] check: Scanning 1 areas for low memory corruption
Feb 12 13:33:28 ildar-N550JK kernel: [    0.007061] Using GB pages for direct mapping
Feb 12 13:33:28 ildar-N550JK kernel: [    0.007934] secureboot: Secure boot disabled
Feb 12 13:33:28 ildar-N550JK kernel: [    0.007934] RAMDISK: [mem 0x3bcd5000-0x3fffdfff]
Feb 12 13:33:28 ildar-N550JK kernel: [    0.007939] ACPI: Early table checksum verification disabled
Feb 12 13:33:28 ildar-N550JK kernel: [    0.007941] ACPI: RSDP 0x00000000C9EA4000 000024 (v02 _ASUS_)
Feb 12 13:33:28 ildar-N550JK kernel: [    0.007944] ACPI: XSDT 0x00000000C9EA4090 0000A4 (v01 _ASUS_ Notebook 01072009 AMI  00010013)
Feb 12 13:33:28 ildar-N550JK kernel: [    0.007948] ACPI: FACP 0x00000000C9EB7E60 00010C (v05 _ASUS_ Notebook 01072009 AMI  00010013)
Feb 12 13:33:28 ildar-N550JK kernel: [    0.007952] ACPI: DSDT 0x00000000C9EA4248 013C16 (v02 _ASUS_ Notebook 00000012 INTL 20120711)
Feb 12 13:33:28 ildar-N550JK kernel: [    0.007954] ACPI: FACS 0x00000000CAB1DF80 000040
Feb 12 13:33:28 ildar-N550JK kernel: [    0.007956] ACPI: APIC 0x00000000C9EB7F70 000092 (v03 _ASUS_ Notebook 01072009 AMI  00010013)
Feb 12 13:33:28 ildar-N550JK kernel: [    0.007957] ACPI: FPDT 0x00000000C9EB8008 000044 (v01 _ASUS_ Notebook 01072009 AMI  00010013)
Feb 12 13:33:28 ildar-N550JK kernel: [    0.007959] ACPI: ECDT 0x00000000C9EB8050 0000C1 (v01 _ASUS_ Notebook 01072009 AMI. 00000005)
Feb 12 13:33:28 ildar-N550JK kernel: [    0.007961] ACPI: SSDT 0x00000000C9EB8118 00019D (v01 Intel  zpodd    00001000 INTL 20120711)
Feb 12 13:33:28 ildar-N550JK kernel: [    0.007963] ACPI: SSDT 0x00000000C9EB82B8 000539 (v01 PmRef  Cpu0Ist  00003000 INTL 20120711)
Feb 12 13:33:28 ildar-N550JK kernel: [    0.007965] ACPI: SSDT 0x00000000C9EB87F8 000AD8 (v01 PmRef  CpuPm    00003000 INTL 20120711)
Feb 12 13:33:28 ildar-N550JK kernel: [    0.007967] ACPI: MCFG 0x00000000C9EB92D0 00003C (v01 _ASUS_ Notebook 01072009 MSFT 00000097)
Feb 12 13:33:28 ildar-N550JK kernel: [    0.007969] ACPI: HPET 0x00000000C9EB9310 000038 (v01 _ASUS_ Notebook 01072009 AMI. 00000005)
